[0.102s] DEBUG:colcon:Command line arguments: ['/usr/bin/colcon', 'build', '--packages-select', 'sim_environment', '--symlink-install']
[0.102s] DEBUG:colcon:Parsed command line arguments: Namespace(log_base=None, log_level=None, verb_name='build', build_base='build', install_base='install', merge_install=False, symlink_install=True, test_result_base=None, continue_on_error=False, executor='parallel', parallel_workers=12, event_handlers=None, ignore_user_meta=False, metas=['./colcon.meta'], base_paths=['.'], packages_ignore=None, packages_ignore_regex=None, paths=None, packages_up_to=None, packages_up_to_regex=None, packages_above=None, packages_above_and_dependencies=None, packages_above_depth=None, packages_select_by_dep=None, packages_skip_by_dep=None, packages_skip_up_to=None, packages_select_build_failed=False, packages_skip_build_finished=False, packages_select_test_failures=False, packages_skip_test_passed=False, packages_select=['sim_environment'], packages_skip=None, packages_select_regex=None, packages_skip_regex=None, packages_start=None, packages_end=None, cmake_args=None, cmake_target=None, cmake_target_skip_unavailable=False, cmake_clean_cache=False, cmake_clean_first=False, cmake_force_configure=False, ament_cmake_args=None, catkin_cmake_args=None, catkin_skip_building_tests=False, mixin_files=None, mixin=None, verb_parser=<colcon_mixin.mixin.mixin_argument.MixinArgumentDecorator object at 0x713f08ccdb40>, verb_extension=<colcon_core.verb.build.BuildVerb object at 0x713f08e4b1c0>, main=<bound method BuildVerb.main of <colcon_core.verb.build.BuildVerb object at 0x713f08e4b1c0>>, mixin_verb=('build',))
[0.247s] Level 1:colcon.colcon_core.package_discovery:discover_packages(colcon_meta) check parameters
[0.247s] Level 1:colcon.colcon_core.package_discovery:discover_packages(recursive) check parameters
[0.247s] Level 1:colcon.colcon_core.package_discovery:discover_packages(ignore) check parameters
[0.247s] Level 1:colcon.colcon_core.package_discovery:discover_packages(path) check parameters
[0.247s] Level 1:colcon.colcon_core.package_discovery:discover_packages(colcon_meta) discover
[0.247s] Level 1:colcon.colcon_core.package_discovery:discover_packages(recursive) discover
[0.247s] INFO:colcon.colcon_core.package_discovery:Crawling recursively for packages in '/home/developer/simulation_ws'
[0.247s] Level 1:colcon.colcon_core.package_identification:_identify(.) by extensions ['ignore', 'ignore_ament_install']
[0.247s] Level 1:colcon.colcon_core.package_identification:_identify(.) by extension 'ignore'
[0.247s] Level 1:colcon.colcon_core.package_identification:_identify(.) by extension 'ignore_ament_install'
[0.247s] Level 1:colcon.colcon_core.package_identification:_identify(.) by extensions ['colcon_pkg']
[0.247s] Level 1:colcon.colcon_core.package_identification:_identify(.) by extension 'colcon_pkg'
[0.247s] Level 1:colcon.colcon_core.package_identification:_identify(.) by extensions ['colcon_meta']
[0.247s] Level 1:colcon.colcon_core.package_identification:_identify(.) by extension 'colcon_meta'
[0.247s] Level 1:colcon.colcon_core.package_identification:_identify(.) by extensions ['ros']
[0.247s] Level 1:colcon.colcon_core.package_identification:_identify(.) by extension 'ros'
[0.257s] Level 1:colcon.colcon_core.package_identification:_identify(.) by extensions ['cmake', 'python']
[0.257s] Level 1:colcon.colcon_core.package_identification:_identify(.) by extension 'cmake'
[0.257s] Level 1:colcon.colcon_core.package_identification:_identify(.) by extension 'python'
[0.257s] Level 1:colcon.colcon_core.package_identification:_identify(.) by extensions ['python_setup_py']
[0.257s] Level 1:colcon.colcon_core.package_identification:_identify(.) by extension 'python_setup_py'
[0.257s] Level 1:colcon.colcon_core.package_identification:_identify(build) by extensions ['ignore', 'ignore_ament_install']
[0.258s] Level 1:colcon.colcon_core.package_identification:_identify(build) by extension 'ignore'
[0.258s] Level 1:colcon.colcon_core.package_identification:_identify(build) ignored
[0.258s] Level 1:colcon.colcon_core.package_identification:_identify(install) by extensions ['ignore', 'ignore_ament_install']
[0.258s] Level 1:colcon.colcon_core.package_identification:_identify(install) by extension 'ignore'
[0.258s] Level 1:colcon.colcon_core.package_identification:_identify(install) ignored
[0.258s] Level 1:colcon.colcon_core.package_identification:_identify(log) by extensions ['ignore', 'ignore_ament_install']
[0.258s] Level 1:colcon.colcon_core.package_identification:_identify(log) by extension 'ignore'
[0.258s] Level 1:colcon.colcon_core.package_identification:_identify(log) ignored
[0.258s] Level 1:colcon.colcon_core.package_identification:_identify(src) by extensions ['ignore', 'ignore_ament_install']
[0.258s] Level 1:colcon.colcon_core.package_identification:_identify(src) by extension 'ignore'
[0.258s] Level 1:colcon.colcon_core.package_identification:_identify(src) by extension 'ignore_ament_install'
[0.258s] Level 1:colcon.colcon_core.package_identification:_identify(src) by extensions ['colcon_pkg']
[0.258s] Level 1:colcon.colcon_core.package_identification:_identify(src) by extension 'colcon_pkg'
[0.258s] Level 1:colcon.colcon_core.package_identification:_identify(src) by extensions ['colcon_meta']
[0.258s] Level 1:colcon.colcon_core.package_identification:_identify(src) by extension 'colcon_meta'
[0.258s] Level 1:colcon.colcon_core.package_identification:_identify(src) by extensions ['ros']
[0.258s] Level 1:colcon.colcon_core.package_identification:_identify(src) by extension 'ros'
[0.259s] Level 1:colcon.colcon_core.package_identification:_identify(src) by extensions ['cmake', 'python']
[0.259s] Level 1:colcon.colcon_core.package_identification:_identify(src) by extension 'cmake'
[0.259s] Level 1:colcon.colcon_core.package_identification:_identify(src) by extension 'python'
[0.259s] Level 1:colcon.colcon_core.package_identification:_identify(src) by extensions ['python_setup_py']
[0.259s] Level 1:colcon.colcon_core.package_identification:_identify(src) by extension 'python_setup_py'
[0.259s] Level 1:colcon.colcon_core.package_identification:_identify(src/lead_missions) by extensions ['ignore', 'ignore_ament_install']
[0.259s] Level 1:colcon.colcon_core.package_identification:_identify(src/lead_missions) by extension 'ignore'
[0.259s] Level 1:colcon.colcon_core.package_identification:_identify(src/lead_missions) by extension 'ignore_ament_install'
[0.259s] Level 1:colcon.colcon_core.package_identification:_identify(src/lead_missions) by extensions ['colcon_pkg']
[0.259s] Level 1:colcon.colcon_core.package_identification:_identify(src/lead_missions) by extension 'colcon_pkg'
[0.259s] Level 1:colcon.colcon_core.package_identification:_identify(src/lead_missions) by extensions ['colcon_meta']
[0.259s] Level 1:colcon.colcon_core.package_identification:_identify(src/lead_missions) by extension 'colcon_meta'
[0.259s] Level 1:colcon.colcon_core.package_identification:_identify(src/lead_missions) by extensions ['ros']
[0.259s] Level 1:colcon.colcon_core.package_identification:_identify(src/lead_missions) by extension 'ros'
[0.261s] DEBUG:colcon.colcon_core.package_identification:Package 'src/lead_missions' with type 'ros.ament_python' and name 'lead_missions'
[0.261s] Level 1:colcon.colcon_core.package_identification:_identify(src/sim_environment) by extensions ['ignore', 'ignore_ament_install']
[0.261s] Level 1:colcon.colcon_core.package_identification:_identify(src/sim_environment) by extension 'ignore'
[0.262s] Level 1:colcon.colcon_core.package_identification:_identify(src/sim_environment) by extension 'ignore_ament_install'
[0.262s] Level 1:colcon.colcon_core.package_identification:_identify(src/sim_environment) by extensions ['colcon_pkg']
[0.262s] Level 1:colcon.colcon_core.package_identification:_identify(src/sim_environment) by extension 'colcon_pkg'
[0.262s] Level 1:colcon.colcon_core.package_identification:_identify(src/sim_environment) by extensions ['colcon_meta']
[0.262s] Level 1:colcon.colcon_core.package_identification:_identify(src/sim_environment) by extension 'colcon_meta'
[0.262s] Level 1:colcon.colcon_core.package_identification:_identify(src/sim_environment) by extensions ['ros']
[0.262s] Level 1:colcon.colcon_core.package_identification:_identify(src/sim_environment) by extension 'ros'
[0.262s] DEBUG:colcon.colcon_core.package_identification:Package 'src/sim_environment' with type 'ros.ament_cmake' and name 'sim_environment'
[0.262s] Level 1:colcon.colcon_core.package_discovery:discover_packages(recursive) using defaults
[0.262s] Level 1:colcon.colcon_core.package_discovery:discover_packages(ignore) discover
[0.262s] Level 1:colcon.colcon_core.package_discovery:discover_packages(ignore) using defaults
[0.262s] Level 1:colcon.colcon_core.package_discovery:discover_packages(path) discover
[0.262s] Level 1:colcon.colcon_core.package_discovery:discover_packages(path) using defaults
[0.279s] INFO:colcon.colcon_core.package_selection:Skipping not selected package 'lead_missions' in 'src/lead_missions'
[0.280s] Level 5:colcon.colcon_core.verb:set package 'sim_environment' build argument 'cmake_args' from command line to 'None'
[0.280s] Level 5:colcon.colcon_core.verb:set package 'sim_environment' build argument 'cmake_target' from command line to 'None'
[0.280s] Level 5:colcon.colcon_core.verb:set package 'sim_environment' build argument 'cmake_target_skip_unavailable' from command line to 'False'
[0.280s] Level 5:colcon.colcon_core.verb:set package 'sim_environment' build argument 'cmake_clean_cache' from command line to 'False'
[0.280s] Level 5:colcon.colcon_core.verb:set package 'sim_environment' build argument 'cmake_clean_first' from command line to 'False'
[0.280s] Level 5:colcon.colcon_core.verb:set package 'sim_environment' build argument 'cmake_force_configure' from command line to 'False'
[0.280s] Level 5:colcon.colcon_core.verb:set package 'sim_environment' build argument 'ament_cmake_args' from command line to 'None'
[0.280s] Level 5:colcon.colcon_core.verb:set package 'sim_environment' build argument 'catkin_cmake_args' from command line to 'None'
[0.280s] Level 5:colcon.colcon_core.verb:set package 'sim_environment' build argument 'catkin_skip_building_tests' from command line to 'False'
[0.280s] DEBUG:colcon.colcon_core.verb:Building package 'sim_environment' with the following arguments: {'ament_cmake_args': None, 'build_base': '/home/developer/simulation_ws/build/sim_environment', 'catkin_cmake_args': None, 'catkin_skip_building_tests': False, 'cmake_args': None, 'cmake_clean_cache': False, 'cmake_clean_first': False, 'cmake_force_configure': False, 'cmake_target': None, 'cmake_target_skip_unavailable': False, 'install_base': '/home/developer/simulation_ws/install/sim_environment', 'merge_install': False, 'path': '/home/developer/simulation_ws/src/sim_environment', 'symlink_install': True, 'test_result_base': None}
[0.280s] INFO:colcon.colcon_core.executor:Executing jobs using 'parallel' executor
[0.281s] DEBUG:colcon.colcon_parallel_executor.executor.parallel:run_until_complete
[0.281s] INFO:colcon.colcon_ros.task.ament_cmake.build:Building ROS package in '/home/developer/simulation_ws/src/sim_environment' with build type 'ament_cmake'
[0.281s] INFO:colcon.colcon_cmake.task.cmake.build:Building CMake package in '/home/developer/simulation_ws/src/sim_environment'
[0.283s] INFO:colcon.colcon_core.plugin_system:Skipping extension 'colcon_core.shell.bat': Not used on non-Windows systems
[0.284s] INFO:colcon.colcon_core.shell:Skip shell extension 'powershell' for command environment: Not usable outside of PowerShell
[0.284s] DEBUG:colcon.colcon_core.shell:Skip shell extension 'dsv' for command environment
[0.294s] DEBUG:colcon.colcon_core.event_handler.log_command:Invoking command in '/home/developer/simulation_ws/build/sim_environment': CMAKE_PREFIX_PATH=${CMAKE_PREFIX_PATH}:/home/developer/simulation_ws/install/lead_missions:/opt/ros/humble /usr/bin/cmake --build /home/developer/simulation_ws/build/sim_environment -- -j12 -l12
[0.328s] DEBUG:colcon.colcon_core.event_handler.log_command:Invoked command in '/home/developer/simulation_ws/build/sim_environment' returned '0': CMAKE_PREFIX_PATH=${CMAKE_PREFIX_PATH}:/home/developer/simulation_ws/install/lead_missions:/opt/ros/humble /usr/bin/cmake --build /home/developer/simulation_ws/build/sim_environment -- -j12 -l12
[0.337s] DEBUG:colcon.colcon_core.event_handler.log_command:Invoking command in '/home/developer/simulation_ws/build/sim_environment': CMAKE_PREFIX_PATH=${CMAKE_PREFIX_PATH}:/home/developer/simulation_ws/install/lead_missions:/opt/ros/humble /usr/bin/cmake --install /home/developer/simulation_ws/build/sim_environment
[0.359s] Level 1:colcon.colcon_core.environment:create_environment_scripts_only(sim_environment)
[0.360s] DEBUG:colcon.colcon_core.event_handler.log_command:Invoked command in '/home/developer/simulation_ws/build/sim_environment' returned '0': CMAKE_PREFIX_PATH=${CMAKE_PREFIX_PATH}:/home/developer/simulation_ws/install/lead_missions:/opt/ros/humble /usr/bin/cmake --install /home/developer/simulation_ws/build/sim_environment
[0.362s] Level 1:colcon.colcon_core.environment:checking '/home/developer/simulation_ws/install/sim_environment' for CMake module files
[0.362s] Level 1:colcon.colcon_core.environment:checking '/home/developer/simulation_ws/install/sim_environment' for CMake config files
[0.362s] Level 1:colcon.colcon_core.shell:create_environment_hook('sim_environment', 'cmake_prefix_path')
[0.363s] INFO:colcon.colcon_core.shell:Creating environment hook '/home/developer/simulation_ws/install/sim_environment/share/sim_environment/hook/cmake_prefix_path.ps1'
[0.363s] INFO:colcon.colcon_core.shell:Creating environment descriptor '/home/developer/simulation_ws/install/sim_environment/share/sim_environment/hook/cmake_prefix_path.dsv'
[0.364s] INFO:colcon.colcon_core.shell:Creating environment hook '/home/developer/simulation_ws/install/sim_environment/share/sim_environment/hook/cmake_prefix_path.sh'
[0.365s] Level 1:colcon.colcon_core.environment:checking '/home/developer/simulation_ws/install/sim_environment/bin'
[0.365s] Level 1:colcon.colcon_core.environment:checking '/home/developer/simulation_ws/install/sim_environment/lib/pkgconfig/sim_environment.pc'
[0.367s] Level 1:colcon.colcon_core.environment:checking '/home/developer/simulation_ws/install/sim_environment/lib/python3.10/site-packages'
[0.367s] Level 1:colcon.colcon_core.environment:checking '/home/developer/simulation_ws/install/sim_environment/bin'
[0.367s] INFO:colcon.colcon_core.shell:Creating package script '/home/developer/simulation_ws/install/sim_environment/share/sim_environment/package.ps1'
[0.368s] INFO:colcon.colcon_core.shell:Creating package descriptor '/home/developer/simulation_ws/install/sim_environment/share/sim_environment/package.dsv'
[0.369s] INFO:colcon.colcon_core.shell:Creating package script '/home/developer/simulation_ws/install/sim_environment/share/sim_environment/package.sh'
[0.369s] INFO:colcon.colcon_core.shell:Creating package script '/home/developer/simulation_ws/install/sim_environment/share/sim_environment/package.bash'
[0.370s] INFO:colcon.colcon_core.shell:Creating package script '/home/developer/simulation_ws/install/sim_environment/share/sim_environment/package.zsh'
[0.370s] Level 1:colcon.colcon_core.environment:create_file_with_runtime_dependencies(/home/developer/simulation_ws/install/sim_environment/share/colcon-core/packages/sim_environment)
[0.371s] Level 1:colcon.colcon_core.environment:create_environment_scripts_only(sim_environment)
[0.371s] Level 1:colcon.colcon_core.environment:checking '/home/developer/simulation_ws/install/sim_environment' for CMake module files
[0.371s] Level 1:colcon.colcon_core.environment:checking '/home/developer/simulation_ws/install/sim_environment' for CMake config files
[0.372s] Level 1:colcon.colcon_core.shell:create_environment_hook('sim_environment', 'cmake_prefix_path')
[0.372s] INFO:colcon.colcon_core.shell:Creating environment hook '/home/developer/simulation_ws/install/sim_environment/share/sim_environment/hook/cmake_prefix_path.ps1'
[0.372s] INFO:colcon.colcon_core.shell:Creating environment descriptor '/home/developer/simulation_ws/install/sim_environment/share/sim_environment/hook/cmake_prefix_path.dsv'
[0.372s] INFO:colcon.colcon_core.shell:Creating environment hook '/home/developer/simulation_ws/install/sim_environment/share/sim_environment/hook/cmake_prefix_path.sh'
[0.373s] Level 1:colcon.colcon_core.environment:checking '/home/developer/simulation_ws/install/sim_environment/bin'
[0.373s] Level 1:colcon.colcon_core.environment:checking '/home/developer/simulation_ws/install/sim_environment/lib/pkgconfig/sim_environment.pc'
[0.373s] Level 1:colcon.colcon_core.environment:checking '/home/developer/simulation_ws/install/sim_environment/lib/python3.10/site-packages'
[0.373s] Level 1:colcon.colcon_core.environment:checking '/home/developer/simulation_ws/install/sim_environment/bin'
[0.374s] INFO:colcon.colcon_core.shell:Creating package script '/home/developer/simulation_ws/install/sim_environment/share/sim_environment/package.ps1'
[0.374s] INFO:colcon.colcon_core.shell:Creating package descriptor '/home/developer/simulation_ws/install/sim_environment/share/sim_environment/package.dsv'
[0.374s] INFO:colcon.colcon_core.shell:Creating package script '/home/developer/simulation_ws/install/sim_environment/share/sim_environment/package.sh'
[0.375s] INFO:colcon.colcon_core.shell:Creating package script '/home/developer/simulation_ws/install/sim_environment/share/sim_environment/package.bash'
[0.375s] INFO:colcon.colcon_core.shell:Creating package script '/home/developer/simulation_ws/install/sim_environment/share/sim_environment/package.zsh'
[0.376s] Level 1:colcon.colcon_core.environment:create_file_with_runtime_dependencies(/home/developer/simulation_ws/install/sim_environment/share/colcon-core/packages/sim_environment)
[0.376s] DEBUG:colcon.colcon_parallel_executor.executor.parallel:closing loop
[0.376s] DEBUG:colcon.colcon_parallel_executor.executor.parallel:loop closed
[0.376s] DEBUG:colcon.colcon_parallel_executor.executor.parallel:run_until_complete finished with '0'
[0.376s] DEBUG:colcon.colcon_core.event_reactor:joining thread
[0.388s] INFO:colcon.colcon_core.plugin_system:Skipping extension 'colcon_notification.desktop_notification.notify_send': Could not find 'notify-send'
[0.388s] INFO:colcon.colcon_core.plugin_system:Skipping extension 'colcon_notification.desktop_notification.terminal_notifier': Not used on non-Darwin systems
[0.388s] INFO:colcon.colcon_core.plugin_system:Skipping extension 'colcon_notification.desktop_notification.win32': Not used on non-Windows systems
[0.388s] INFO:colcon.colcon_notification.desktop_notification:Sending desktop notification using 'notify2'
[0.390s] DEBUG:colcon.colcon_notification.desktop_notification.notify2:Failed to initialize notify2: org.freedesktop.DBus.Error.Spawn.ExecFailed: /usr/bin/dbus-launch terminated abnormally without any error message
[0.390s] DEBUG:colcon.colcon_core.event_reactor:joined thread
[0.391s] INFO:colcon.colcon_core.shell:Creating prefix script '/home/developer/simulation_ws/install/local_setup.ps1'
[0.392s] INFO:colcon.colcon_core.shell:Creating prefix util module '/home/developer/simulation_ws/install/_local_setup_util_ps1.py'
[0.394s] INFO:colcon.colcon_core.shell:Creating prefix chain script '/home/developer/simulation_ws/install/setup.ps1'
[0.395s] INFO:colcon.colcon_core.shell:Creating prefix script '/home/developer/simulation_ws/install/local_setup.sh'
[0.395s] INFO:colcon.colcon_core.shell:Creating prefix util module '/home/developer/simulation_ws/install/_local_setup_util_sh.py'
[0.396s] INFO:colcon.colcon_core.shell:Creating prefix chain script '/home/developer/simulation_ws/install/setup.sh'
[0.397s] INFO:colcon.colcon_core.shell:Creating prefix script '/home/developer/simulation_ws/install/local_setup.bash'
[0.398s] INFO:colcon.colcon_core.shell:Creating prefix chain script '/home/developer/simulation_ws/install/setup.bash'
[0.399s] INFO:colcon.colcon_core.shell:Creating prefix script '/home/developer/simulation_ws/install/local_setup.zsh'
[0.399s] INFO:colcon.colcon_core.shell:Creating prefix chain script '/home/developer/simulation_ws/install/setup.zsh'
