[0.490s] DEBUG:colcon:Command line arguments: ['/usr/bin/colcon', 'build', '--symlink-install']
[0.491s] DEBUG:colcon:Parsed command line arguments: Namespace(log_base=None, log_level=None, verb_name='build', build_base='build', install_base='install', merge_install=False, symlink_install=True, test_result_base=None, continue_on_error=False, executor='parallel', parallel_workers=12, event_handlers=None, ignore_user_meta=False, metas=['./colcon.meta'], base_paths=['.'], packages_ignore=None, packages_ignore_regex=None, paths=None, packages_up_to=None, packages_up_to_regex=None, packages_above=None, packages_above_and_dependencies=None, packages_above_depth=None, packages_select_by_dep=None, packages_skip_by_dep=None, packages_skip_up_to=None, packages_select_build_failed=False, packages_skip_build_finished=False, packages_select_test_failures=False, packages_skip_test_passed=False, packages_select=None, packages_skip=None, packages_select_regex=None, packages_skip_regex=None, packages_start=None, packages_end=None, cmake_args=None, cmake_target=None, cmake_target_skip_unavailable=False, cmake_clean_cache=False, cmake_clean_first=False, cmake_force_configure=False, ament_cmake_args=None, catkin_cmake_args=None, catkin_skip_building_tests=False, mixin_files=None, mixin=None, verb_parser=<colcon_mixin.mixin.mixin_argument.MixinArgumentDecorator object at 0x7c25aa9d4e80>, verb_extension=<colcon_core.verb.build.BuildVerb object at 0x7c25aab66500>, main=<bound method BuildVerb.main of <colcon_core.verb.build.BuildVerb object at 0x7c25aab66500>>, mixin_verb=('build',))
[0.815s] Level 1:colcon.colcon_core.package_discovery:discover_packages(colcon_meta) check parameters
[0.815s] Level 1:colcon.colcon_core.package_discovery:discover_packages(recursive) check parameters
[0.815s] Level 1:colcon.colcon_core.package_discovery:discover_packages(ignore) check parameters
[0.815s] Level 1:colcon.colcon_core.package_discovery:discover_packages(path) check parameters
[0.815s] Level 1:colcon.colcon_core.package_discovery:discover_packages(colcon_meta) discover
[0.815s] Level 1:colcon.colcon_core.package_discovery:discover_packages(recursive) discover
[0.815s] INFO:colcon.colcon_core.package_discovery:Crawling recursively for packages in '/home/developer/simulation_ws'
[0.815s] Level 1:colcon.colcon_core.package_identification:_identify(.) by extensions ['ignore', 'ignore_ament_install']
[0.815s] Level 1:colcon.colcon_core.package_identification:_identify(.) by extension 'ignore'
[0.816s] Level 1:colcon.colcon_core.package_identification:_identify(.) by extension 'ignore_ament_install'
[0.816s] Level 1:colcon.colcon_core.package_identification:_identify(.) by extensions ['colcon_pkg']
[0.816s] Level 1:colcon.colcon_core.package_identification:_identify(.) by extension 'colcon_pkg'
[0.816s] Level 1:colcon.colcon_core.package_identification:_identify(.) by extensions ['colcon_meta']
[0.816s] Level 1:colcon.colcon_core.package_identification:_identify(.) by extension 'colcon_meta'
[0.816s] Level 1:colcon.colcon_core.package_identification:_identify(.) by extensions ['ros']
[0.816s] Level 1:colcon.colcon_core.package_identification:_identify(.) by extension 'ros'
[0.830s] Level 1:colcon.colcon_core.package_identification:_identify(.) by extensions ['cmake', 'python']
[0.830s] Level 1:colcon.colcon_core.package_identification:_identify(.) by extension 'cmake'
[0.831s] Level 1:colcon.colcon_core.package_identification:_identify(.) by extension 'python'
[0.831s] Level 1:colcon.colcon_core.package_identification:_identify(.) by extensions ['python_setup_py']
[0.831s] Level 1:colcon.colcon_core.package_identification:_identify(.) by extension 'python_setup_py'
[0.831s] Level 1:colcon.colcon_core.package_identification:_identify(build) by extensions ['ignore', 'ignore_ament_install']
[0.831s] Level 1:colcon.colcon_core.package_identification:_identify(build) by extension 'ignore'
[0.831s] Level 1:colcon.colcon_core.package_identification:_identify(build) ignored
[0.831s] Level 1:colcon.colcon_core.package_identification:_identify(install) by extensions ['ignore', 'ignore_ament_install']
[0.831s] Level 1:colcon.colcon_core.package_identification:_identify(install) by extension 'ignore'
[0.832s] Level 1:colcon.colcon_core.package_identification:_identify(install) ignored
[0.832s] Level 1:colcon.colcon_core.package_identification:_identify(log) by extensions ['ignore', 'ignore_ament_install']
[0.832s] Level 1:colcon.colcon_core.package_identification:_identify(log) by extension 'ignore'
[0.832s] Level 1:colcon.colcon_core.package_identification:_identify(log) ignored
[0.832s] Level 1:colcon.colcon_core.package_identification:_identify(src) by extensions ['ignore', 'ignore_ament_install']
[0.832s] Level 1:colcon.colcon_core.package_identification:_identify(src) by extension 'ignore'
[0.832s] Level 1:colcon.colcon_core.package_identification:_identify(src) by extension 'ignore_ament_install'
[0.832s] Level 1:colcon.colcon_core.package_identification:_identify(src) by extensions ['colcon_pkg']
[0.832s] Level 1:colcon.colcon_core.package_identification:_identify(src) by extension 'colcon_pkg'
[0.832s] Level 1:colcon.colcon_core.package_identification:_identify(src) by extensions ['colcon_meta']
[0.832s] Level 1:colcon.colcon_core.package_identification:_identify(src) by extension 'colcon_meta'
[0.832s] Level 1:colcon.colcon_core.package_identification:_identify(src) by extensions ['ros']
[0.832s] Level 1:colcon.colcon_core.package_identification:_identify(src) by extension 'ros'
[0.833s] Level 1:colcon.colcon_core.package_identification:_identify(src) by extensions ['cmake', 'python']
[0.833s] Level 1:colcon.colcon_core.package_identification:_identify(src) by extension 'cmake'
[0.833s] Level 1:colcon.colcon_core.package_identification:_identify(src) by extension 'python'
[0.833s] Level 1:colcon.colcon_core.package_identification:_identify(src) by extensions ['python_setup_py']
[0.833s] Level 1:colcon.colcon_core.package_identification:_identify(src) by extension 'python_setup_py'
[0.833s] Level 1:colcon.colcon_core.package_identification:_identify(src/lead_missions) by extensions ['ignore', 'ignore_ament_install']
[0.833s] Level 1:colcon.colcon_core.package_identification:_identify(src/lead_missions) by extension 'ignore'
[0.833s] Level 1:colcon.colcon_core.package_identification:_identify(src/lead_missions) by extension 'ignore_ament_install'
[0.833s] Level 1:colcon.colcon_core.package_identification:_identify(src/lead_missions) by extensions ['colcon_pkg']
[0.833s] Level 1:colcon.colcon_core.package_identification:_identify(src/lead_missions) by extension 'colcon_pkg'
[0.833s] Level 1:colcon.colcon_core.package_identification:_identify(src/lead_missions) by extensions ['colcon_meta']
[0.833s] Level 1:colcon.colcon_core.package_identification:_identify(src/lead_missions) by extension 'colcon_meta'
[0.833s] Level 1:colcon.colcon_core.package_identification:_identify(src/lead_missions) by extensions ['ros']
[0.834s] Level 1:colcon.colcon_core.package_identification:_identify(src/lead_missions) by extension 'ros'
[0.837s] DEBUG:colcon.colcon_core.package_identification:Package 'src/lead_missions' with type 'ros.ament_python' and name 'lead_missions'
[0.837s] Level 1:colcon.colcon_core.package_identification:_identify(src/sim_environment) by extensions ['ignore', 'ignore_ament_install']
[0.837s] Level 1:colcon.colcon_core.package_identification:_identify(src/sim_environment) by extension 'ignore'
[0.837s] Level 1:colcon.colcon_core.package_identification:_identify(src/sim_environment) by extension 'ignore_ament_install'
[0.837s] Level 1:colcon.colcon_core.package_identification:_identify(src/sim_environment) by extensions ['colcon_pkg']
[0.837s] Level 1:colcon.colcon_core.package_identification:_identify(src/sim_environment) by extension 'colcon_pkg'
[0.837s] Level 1:colcon.colcon_core.package_identification:_identify(src/sim_environment) by extensions ['colcon_meta']
[0.837s] Level 1:colcon.colcon_core.package_identification:_identify(src/sim_environment) by extension 'colcon_meta'
[0.837s] Level 1:colcon.colcon_core.package_identification:_identify(src/sim_environment) by extensions ['ros']
[0.837s] Level 1:colcon.colcon_core.package_identification:_identify(src/sim_environment) by extension 'ros'
[0.838s] DEBUG:colcon.colcon_core.package_identification:Package 'src/sim_environment' with type 'ros.ament_cmake' and name 'sim_environment'
[0.838s] Level 1:colcon.colcon_core.package_discovery:discover_packages(recursive) using defaults
[0.838s] Level 1:colcon.colcon_core.package_discovery:discover_packages(ignore) discover
[0.838s] Level 1:colcon.colcon_core.package_discovery:discover_packages(ignore) using defaults
[0.838s] Level 1:colcon.colcon_core.package_discovery:discover_packages(path) discover
[0.839s] Level 1:colcon.colcon_core.package_discovery:discover_packages(path) using defaults
[0.884s] Level 5:colcon.colcon_core.verb:set package 'lead_missions' build argument 'cmake_args' from command line to 'None'
[0.884s] Level 5:colcon.colcon_core.verb:set package 'lead_missions' build argument 'cmake_target' from command line to 'None'
[0.884s] Level 5:colcon.colcon_core.verb:set package 'lead_missions' build argument 'cmake_target_skip_unavailable' from command line to 'False'
[0.884s] Level 5:colcon.colcon_core.verb:set package 'lead_missions' build argument 'cmake_clean_cache' from command line to 'False'
[0.884s] Level 5:colcon.colcon_core.verb:set package 'lead_missions' build argument 'cmake_clean_first' from command line to 'False'
[0.884s] Level 5:colcon.colcon_core.verb:set package 'lead_missions' build argument 'cmake_force_configure' from command line to 'False'
[0.884s] Level 5:colcon.colcon_core.verb:set package 'lead_missions' build argument 'ament_cmake_args' from command line to 'None'
[0.884s] Level 5:colcon.colcon_core.verb:set package 'lead_missions' build argument 'catkin_cmake_args' from command line to 'None'
[0.884s] Level 5:colcon.colcon_core.verb:set package 'lead_missions' build argument 'catkin_skip_building_tests' from command line to 'False'
[0.884s] DEBUG:colcon.colcon_core.verb:Building package 'lead_missions' with the following arguments: {'ament_cmake_args': None, 'build_base': '/home/developer/simulation_ws/build/lead_missions', 'catkin_cmake_args': None, 'catkin_skip_building_tests': False, 'cmake_args': None, 'cmake_clean_cache': False, 'cmake_clean_first': False, 'cmake_force_configure': False, 'cmake_target': None, 'cmake_target_skip_unavailable': False, 'install_base': '/home/developer/simulation_ws/install/lead_missions', 'merge_install': False, 'path': '/home/developer/simulation_ws/src/lead_missions', 'symlink_install': True, 'test_result_base': None}
[0.885s] Level 5:colcon.colcon_core.verb:set package 'sim_environment' build argument 'cmake_args' from command line to 'None'
[0.885s] Level 5:colcon.colcon_core.verb:set package 'sim_environment' build argument 'cmake_target' from command line to 'None'
[0.885s] Level 5:colcon.colcon_core.verb:set package 'sim_environment' build argument 'cmake_target_skip_unavailable' from command line to 'False'
[0.885s] Level 5:colcon.colcon_core.verb:set package 'sim_environment' build argument 'cmake_clean_cache' from command line to 'False'
[0.885s] Level 5:colcon.colcon_core.verb:set package 'sim_environment' build argument 'cmake_clean_first' from command line to 'False'
[0.885s] Level 5:colcon.colcon_core.verb:set package 'sim_environment' build argument 'cmake_force_configure' from command line to 'False'
[0.885s] Level 5:colcon.colcon_core.verb:set package 'sim_environment' build argument 'ament_cmake_args' from command line to 'None'
[0.885s] Level 5:colcon.colcon_core.verb:set package 'sim_environment' build argument 'catkin_cmake_args' from command line to 'None'
[0.885s] Level 5:colcon.colcon_core.verb:set package 'sim_environment' build argument 'catkin_skip_building_tests' from command line to 'False'
[0.885s] DEBUG:colcon.colcon_core.verb:Building package 'sim_environment' with the following arguments: {'ament_cmake_args': None, 'build_base': '/home/developer/simulation_ws/build/sim_environment', 'catkin_cmake_args': None, 'catkin_skip_building_tests': False, 'cmake_args': None, 'cmake_clean_cache': False, 'cmake_clean_first': False, 'cmake_force_configure': False, 'cmake_target': None, 'cmake_target_skip_unavailable': False, 'install_base': '/home/developer/simulation_ws/install/sim_environment', 'merge_install': False, 'path': '/home/developer/simulation_ws/src/sim_environment', 'symlink_install': True, 'test_result_base': None}
[0.886s] INFO:colcon.colcon_core.executor:Executing jobs using 'parallel' executor
[0.887s] DEBUG:colcon.colcon_parallel_executor.executor.parallel:run_until_complete
[0.888s] INFO:colcon.colcon_ros.task.ament_python.build:Building ROS package in '/home/developer/simulation_ws/src/lead_missions' with build type 'ament_python'
[0.888s] Level 1:colcon.colcon_core.shell:create_environment_hook('lead_missions', 'ament_prefix_path')
[0.894s] INFO:colcon.colcon_core.plugin_system:Skipping extension 'colcon_core.shell.bat': Not used on non-Windows systems
[0.894s] INFO:colcon.colcon_core.shell:Creating environment hook '/home/developer/simulation_ws/install/lead_missions/share/lead_missions/hook/ament_prefix_path.ps1'
[0.895s] INFO:colcon.colcon_core.shell:Creating environment descriptor '/home/developer/simulation_ws/install/lead_missions/share/lead_missions/hook/ament_prefix_path.dsv'
[0.896s] INFO:colcon.colcon_core.shell:Creating environment hook '/home/developer/simulation_ws/install/lead_missions/share/lead_missions/hook/ament_prefix_path.sh'
[0.898s] INFO:colcon.colcon_core.shell:Skip shell extension 'powershell' for command environment: Not usable outside of PowerShell
[0.898s] DEBUG:colcon.colcon_core.shell:Skip shell extension 'dsv' for command environment
[0.907s] INFO:colcon.colcon_ros.task.ament_cmake.build:Building ROS package in '/home/developer/simulation_ws/src/sim_environment' with build type 'ament_cmake'
[0.907s] INFO:colcon.colcon_cmake.task.cmake.build:Building CMake package in '/home/developer/simulation_ws/src/sim_environment'
[0.908s] INFO:colcon.colcon_core.shell:Skip shell extension 'powershell' for command environment: Not usable outside of PowerShell
[0.908s] DEBUG:colcon.colcon_core.shell:Skip shell extension 'dsv' for command environment
[1.189s] INFO:colcon.colcon_core.task.python.build:Building Python package in '/home/developer/simulation_ws/src/lead_missions'
[1.189s] INFO:colcon.colcon_core.shell:Skip shell extension 'powershell' for command environment: Not usable outside of PowerShell
[1.189s] DEBUG:colcon.colcon_core.shell:Skip shell extension 'dsv' for command environment
[1.199s] DEBUG:colcon.colcon_core.event_handler.log_command:Invoking command in '/home/developer/simulation_ws/build/sim_environment': CMAKE_PREFIX_PATH=${CMAKE_PREFIX_PATH}:/opt/ros/humble /usr/bin/cmake --build /home/developer/simulation_ws/build/sim_environment -- -j12 -l12
[1.312s] DEBUG:colcon.colcon_core.event_handler.log_command:Invoked command in '/home/developer/simulation_ws/build/sim_environment' returned '0': CMAKE_PREFIX_PATH=${CMAKE_PREFIX_PATH}:/opt/ros/humble /usr/bin/cmake --build /home/developer/simulation_ws/build/sim_environment -- -j12 -l12
[1.326s] DEBUG:colcon.colcon_core.event_handler.log_command:Invoking command in '/home/developer/simulation_ws/build/sim_environment': CMAKE_PREFIX_PATH=${CMAKE_PREFIX_PATH}:/opt/ros/humble /usr/bin/cmake --install /home/developer/simulation_ws/build/sim_environment
[1.371s] Level 1:colcon.colcon_core.environment:create_environment_scripts_only(sim_environment)
[1.371s] DEBUG:colcon.colcon_core.event_handler.log_command:Invoked command in '/home/developer/simulation_ws/build/sim_environment' returned '0': CMAKE_PREFIX_PATH=${CMAKE_PREFIX_PATH}:/opt/ros/humble /usr/bin/cmake --install /home/developer/simulation_ws/build/sim_environment
[1.379s] Level 1:colcon.colcon_core.environment:checking '/home/developer/simulation_ws/install/sim_environment' for CMake module files
[1.380s] Level 1:colcon.colcon_core.environment:checking '/home/developer/simulation_ws/install/sim_environment' for CMake config files
[1.380s] Level 1:colcon.colcon_core.shell:create_environment_hook('sim_environment', 'cmake_prefix_path')
[1.380s] INFO:colcon.colcon_core.shell:Creating environment hook '/home/developer/simulation_ws/install/sim_environment/share/sim_environment/hook/cmake_prefix_path.ps1'
[1.382s] INFO:colcon.colcon_core.shell:Creating environment descriptor '/home/developer/simulation_ws/install/sim_environment/share/sim_environment/hook/cmake_prefix_path.dsv'
[1.382s] INFO:colcon.colcon_core.shell:Creating environment hook '/home/developer/simulation_ws/install/sim_environment/share/sim_environment/hook/cmake_prefix_path.sh'
[1.384s] Level 1:colcon.colcon_core.environment:checking '/home/developer/simulation_ws/install/sim_environment/bin'
[1.384s] Level 1:colcon.colcon_core.environment:checking '/home/developer/simulation_ws/install/sim_environment/lib/pkgconfig/sim_environment.pc'
[1.384s] Level 1:colcon.colcon_core.environment:checking '/home/developer/simulation_ws/install/sim_environment/lib/python3.10/site-packages'
[1.384s] Level 1:colcon.colcon_core.environment:checking '/home/developer/simulation_ws/install/sim_environment/bin'
[1.385s] INFO:colcon.colcon_core.shell:Creating package script '/home/developer/simulation_ws/install/sim_environment/share/sim_environment/package.ps1'
[1.386s] INFO:colcon.colcon_core.shell:Creating package descriptor '/home/developer/simulation_ws/install/sim_environment/share/sim_environment/package.dsv'
[1.387s] INFO:colcon.colcon_core.shell:Creating package script '/home/developer/simulation_ws/install/sim_environment/share/sim_environment/package.sh'
[1.389s] INFO:colcon.colcon_core.shell:Creating package script '/home/developer/simulation_ws/install/sim_environment/share/sim_environment/package.bash'
[1.392s] INFO:colcon.colcon_core.shell:Creating package script '/home/developer/simulation_ws/install/sim_environment/share/sim_environment/package.zsh'
[1.393s] Level 1:colcon.colcon_core.environment:create_file_with_runtime_dependencies(/home/developer/simulation_ws/install/sim_environment/share/colcon-core/packages/sim_environment)
[1.394s] Level 1:colcon.colcon_core.environment:create_environment_scripts_only(sim_environment)
[1.394s] Level 1:colcon.colcon_core.environment:checking '/home/developer/simulation_ws/install/sim_environment' for CMake module files
[1.395s] Level 1:colcon.colcon_core.environment:checking '/home/developer/simulation_ws/install/sim_environment' for CMake config files
[1.395s] Level 1:colcon.colcon_core.shell:create_environment_hook('sim_environment', 'cmake_prefix_path')
[1.395s] INFO:colcon.colcon_core.shell:Creating environment hook '/home/developer/simulation_ws/install/sim_environment/share/sim_environment/hook/cmake_prefix_path.ps1'
[1.396s] INFO:colcon.colcon_core.shell:Creating environment descriptor '/home/developer/simulation_ws/install/sim_environment/share/sim_environment/hook/cmake_prefix_path.dsv'
[1.397s] INFO:colcon.colcon_core.shell:Creating environment hook '/home/developer/simulation_ws/install/sim_environment/share/sim_environment/hook/cmake_prefix_path.sh'
[1.398s] Level 1:colcon.colcon_core.environment:checking '/home/developer/simulation_ws/install/sim_environment/bin'
[1.398s] Level 1:colcon.colcon_core.environment:checking '/home/developer/simulation_ws/install/sim_environment/lib/pkgconfig/sim_environment.pc'
[1.399s] Level 1:colcon.colcon_core.environment:checking '/home/developer/simulation_ws/install/sim_environment/lib/python3.10/site-packages'
[1.399s] Level 1:colcon.colcon_core.environment:checking '/home/developer/simulation_ws/install/sim_environment/bin'
[1.400s] INFO:colcon.colcon_core.shell:Creating package script '/home/developer/simulation_ws/install/sim_environment/share/sim_environment/package.ps1'
[1.401s] INFO:colcon.colcon_core.shell:Creating package descriptor '/home/developer/simulation_ws/install/sim_environment/share/sim_environment/package.dsv'
[1.401s] INFO:colcon.colcon_core.shell:Creating package script '/home/developer/simulation_ws/install/sim_environment/share/sim_environment/package.sh'
[1.402s] INFO:colcon.colcon_core.shell:Creating package script '/home/developer/simulation_ws/install/sim_environment/share/sim_environment/package.bash'
[1.402s] INFO:colcon.colcon_core.shell:Creating package script '/home/developer/simulation_ws/install/sim_environment/share/sim_environment/package.zsh'
[1.403s] Level 1:colcon.colcon_core.environment:create_file_with_runtime_dependencies(/home/developer/simulation_ws/install/sim_environment/share/colcon-core/packages/sim_environment)
[1.645s] DEBUG:colcon.colcon_core.task.python.build:Available setuptools commands: install, easy_install, build_scripts, bdist_egg, develop, setopt, clean, install_headers, build_clib, sdist, install_lib, build_ext, dist_info, bdist_wheel, install_data, upload_docs, bdist, install_egg_info, egg_info, bdist_dumb, register, build, check, install_scripts, rotate, test, saveopts, build_py, alias, symlink_data, bdist_rpm, upload
[1.964s] DEBUG:colcon.colcon_core.task.python.build:Available setuptools 'develop' options: --egg-path, --verbose, --quiet, --optimize, --always-copy, --install-layout, --no-deps, --user, --install-dir, --prefix, --help, --upgrade, --build-directory, --always-unzip, --zip-ok, --editable, --allow-hosts, --local-snapshots-ok, --find-links, --dry-run, --uninstall, --force-installation-into-system-dir, --record, --multi-version, --version, --index-url, --no-user-cfg, --script-dir, --no-find-links, --exclude-scripts, --site-dirs
[1.967s] DEBUG:colcon.colcon_core.event_handler.log_command:Invoking command in '/home/developer/simulation_ws/build/lead_missions': PYTHONPATH=/home/developer/simulation_ws/build/lead_missions/prefix_override:/usr/lib/python3/dist-packages/colcon_core/task/python/colcon_distutils_commands:/home/developer/simulation_ws/install/lead_missions/lib/python3.10/site-packages:${PYTHONPATH} /usr/bin/python3 -W ignore:setup.py install is deprecated -W ignore:easy_install command is deprecated setup.py develop --editable --build-directory /home/developer/simulation_ws/build/lead_missions/build --no-deps symlink_data
[2.421s] Level 1:colcon.colcon_core.shell:create_environment_hook('lead_missions', 'pythonpath_develop')
[2.421s] INFO:colcon.colcon_core.shell:Creating environment hook '/home/developer/simulation_ws/build/lead_missions/share/lead_missions/hook/pythonpath_develop.ps1'
[2.422s] DEBUG:colcon.colcon_core.event_handler.log_command:Invoked command in '/home/developer/simulation_ws/build/lead_missions' returned '0': PYTHONPATH=/home/developer/simulation_ws/build/lead_missions/prefix_override:/usr/lib/python3/dist-packages/colcon_core/task/python/colcon_distutils_commands:/home/developer/simulation_ws/install/lead_missions/lib/python3.10/site-packages:${PYTHONPATH} /usr/bin/python3 -W ignore:setup.py install is deprecated -W ignore:easy_install command is deprecated setup.py develop --editable --build-directory /home/developer/simulation_ws/build/lead_missions/build --no-deps symlink_data
[2.422s] INFO:colcon.colcon_core.shell:Creating environment descriptor '/home/developer/simulation_ws/build/lead_missions/share/lead_missions/hook/pythonpath_develop.dsv'
[2.423s] INFO:colcon.colcon_core.shell:Creating environment hook '/home/developer/simulation_ws/build/lead_missions/share/lead_missions/hook/pythonpath_develop.sh'
[2.424s] Level 1:colcon.colcon_core.environment:checking '/home/developer/simulation_ws/install/lead_missions' for CMake module files
[2.424s] Level 1:colcon.colcon_core.environment:checking '/home/developer/simulation_ws/install/lead_missions' for CMake config files
[2.425s] Level 1:colcon.colcon_core.environment:checking '/home/developer/simulation_ws/install/lead_missions/lib'
[2.425s] Level 1:colcon.colcon_core.environment:checking '/home/developer/simulation_ws/install/lead_missions/bin'
[2.425s] Level 1:colcon.colcon_core.environment:checking '/home/developer/simulation_ws/install/lead_missions/lib/pkgconfig/lead_missions.pc'
[2.426s] Level 1:colcon.colcon_core.environment:checking '/home/developer/simulation_ws/install/lead_missions/lib/python3.10/site-packages'
[2.426s] Level 1:colcon.colcon_core.shell:create_environment_hook('lead_missions', 'pythonpath')
[2.426s] INFO:colcon.colcon_core.shell:Creating environment hook '/home/developer/simulation_ws/install/lead_missions/share/lead_missions/hook/pythonpath.ps1'
[2.427s] INFO:colcon.colcon_core.shell:Creating environment descriptor '/home/developer/simulation_ws/install/lead_missions/share/lead_missions/hook/pythonpath.dsv'
[2.427s] INFO:colcon.colcon_core.shell:Creating environment hook '/home/developer/simulation_ws/install/lead_missions/share/lead_missions/hook/pythonpath.sh'
[2.428s] Level 1:colcon.colcon_core.environment:checking '/home/developer/simulation_ws/install/lead_missions/bin'
[2.429s] Level 1:colcon.colcon_core.environment:create_environment_scripts_only(lead_missions)
[2.429s] INFO:colcon.colcon_core.shell:Creating package script '/home/developer/simulation_ws/install/lead_missions/share/lead_missions/package.ps1'
[2.430s] INFO:colcon.colcon_core.shell:Creating package descriptor '/home/developer/simulation_ws/install/lead_missions/share/lead_missions/package.dsv'
[2.430s] INFO:colcon.colcon_core.shell:Creating package script '/home/developer/simulation_ws/install/lead_missions/share/lead_missions/package.sh'
[2.431s] INFO:colcon.colcon_core.shell:Creating package script '/home/developer/simulation_ws/install/lead_missions/share/lead_missions/package.bash'
[2.431s] INFO:colcon.colcon_core.shell:Creating package script '/home/developer/simulation_ws/install/lead_missions/share/lead_missions/package.zsh'
[2.431s] Level 1:colcon.colcon_core.environment:create_file_with_runtime_dependencies(/home/developer/simulation_ws/install/lead_missions/share/colcon-core/packages/lead_missions)
[2.432s] DEBUG:colcon.colcon_parallel_executor.executor.parallel:closing loop
[2.432s] DEBUG:colcon.colcon_parallel_executor.executor.parallel:loop closed
[2.432s] DEBUG:colcon.colcon_parallel_executor.executor.parallel:run_until_complete finished with '0'
[2.433s] DEBUG:colcon.colcon_core.event_reactor:joining thread
[2.461s] INFO:colcon.colcon_core.plugin_system:Skipping extension 'colcon_notification.desktop_notification.notify_send': Could not find 'notify-send'
[2.461s] INFO:colcon.colcon_core.plugin_system:Skipping extension 'colcon_notification.desktop_notification.terminal_notifier': Not used on non-Darwin systems
[2.461s] INFO:colcon.colcon_core.plugin_system:Skipping extension 'colcon_notification.desktop_notification.win32': Not used on non-Windows systems
[2.461s] INFO:colcon.colcon_notification.desktop_notification:Sending desktop notification using 'notify2'
[2.465s] DEBUG:colcon.colcon_notification.desktop_notification.notify2:Failed to initialize notify2: org.freedesktop.DBus.Error.Spawn.ExecFailed: /usr/bin/dbus-launch terminated abnormally without any error message
[2.466s] DEBUG:colcon.colcon_core.event_reactor:joined thread
[2.467s] INFO:colcon.colcon_core.shell:Creating prefix script '/home/developer/simulation_ws/install/local_setup.ps1'
[2.469s] INFO:colcon.colcon_core.shell:Creating prefix util module '/home/developer/simulation_ws/install/_local_setup_util_ps1.py'
[2.471s] INFO:colcon.colcon_core.shell:Creating prefix chain script '/home/developer/simulation_ws/install/setup.ps1'
[2.472s] INFO:colcon.colcon_core.shell:Creating prefix script '/home/developer/simulation_ws/install/local_setup.sh'
[2.474s] INFO:colcon.colcon_core.shell:Creating prefix util module '/home/developer/simulation_ws/install/_local_setup_util_sh.py'
[2.475s] INFO:colcon.colcon_core.shell:Creating prefix chain script '/home/developer/simulation_ws/install/setup.sh'
[2.477s] INFO:colcon.colcon_core.shell:Creating prefix script '/home/developer/simulation_ws/install/local_setup.bash'
[2.478s] INFO:colcon.colcon_core.shell:Creating prefix chain script '/home/developer/simulation_ws/install/setup.bash'
[2.480s] INFO:colcon.colcon_core.shell:Creating prefix script '/home/developer/simulation_ws/install/local_setup.zsh'
[2.481s] INFO:colcon.colcon_core.shell:Creating prefix chain script '/home/developer/simulation_ws/install/setup.zsh'
