[0.007s] Invoking command in '/home/larissarocha/Simulation_LEAD/build/sim_environment': DEBUGINFOD_URLS=https://debuginfod.ubuntu.com /usr/bin/cmake /home/larissarocha/Simulation_LEAD/simulation_ws/src/sim_environment -DAMENT_CMAKE_SYMLINK_INSTALL=1 -DCMAKE_INSTALL_PREFIX=/home/larissarocha/Simulation_LEAD/install/sim_environment
[0.166s] -- The C compiler identification is GNU 13.3.0
[0.286s] -- The CXX compiler identification is GNU 13.3.0
[0.317s] -- Detecting C compiler ABI info
[0.443s] -- Detecting C compiler ABI info - done
[0.451s] -- Check for working C compiler: /usr/bin/cc - skipped
[0.451s] -- Detecting C compile features
[0.451s] -- Detecting C compile features - done
[0.459s] -- Detecting CXX compiler ABI info
[0.581s] -- Detecting CXX compiler ABI info - done
[0.590s] -- Check for working CXX compiler: /usr/bin/c++ - skipped
[0.590s] -- Detecting CXX compile features
[0.591s] -- Detecting CXX compile features - done
[0.597s] -- Configuring incomplete, errors occurred!
[0.597s] [31mCMake Error at CMakeLists.txt:8 (find_package):
[0.598s]   By not providing "Findament_cmake.cmake" in CMAKE_MODULE_PATH this project
[0.598s]   has asked CMake to find a package configuration file provided by
[0.598s]   "ament_cmake", but CMake did not find one.
[0.598s] 
[0.598s]   Could not find a package configuration file provided by "ament_cmake" with
[0.598s]   any of the following names:
[0.598s] 
[0.598s]     ament_cmakeConfig.cmake
[0.598s]     ament_cmake-config.cmake
[0.598s] 
[0.598s]   Add the installation prefix of "ament_cmake" to CMAKE_PREFIX_PATH or set
[0.598s]   "ament_cmake_DIR" to a directory containing one of the above files.  If
[0.598s]   "ament_cmake" provides a separate development package or SDK, be sure it
[0.598s]   has been installed.
[0.598s] 
[0.598s] [0m
[0.600s] Invoked command in '/home/larissarocha/Simulation_LEAD/build/sim_environment' returned '1': DEBUGINFOD_URLS=https://debuginfod.ubuntu.com /usr/bin/cmake /home/larissarocha/Simulation_LEAD/simulation_ws/src/sim_environment -DAMENT_CMAKE_SYMLINK_INSTALL=1 -DCMAKE_INSTALL_PREFIX=/home/larissarocha/Simulation_LEAD/install/sim_environment
