[0.008s] Invoking command in '/home/developer/simulation_ws/build/sim_environment': CMAKE_PREFIX_PATH=${CMAKE_PREFIX_PATH}:/opt/ros/humble /usr/bin/cmake --build /home/developer/simulation_ws/build/sim_environment -- -j20 -l20
[0.063s] Invoked command in '/home/developer/simulation_ws/build/sim_environment' returned '0': CMAKE_PREFIX_PATH=${CMAKE_PREFIX_PATH}:/opt/ros/humble /usr/bin/cmake --build /home/developer/simulation_ws/build/sim_environment -- -j20 -l20
[0.075s] Invoking command in '/home/developer/simulation_ws/build/sim_environment': CMAKE_PREFIX_PATH=${CMAKE_PREFIX_PATH}:/opt/ros/humble /usr/bin/cmake --install /home/developer/simulation_ws/build/sim_environment
[0.085s] -- Install configuration: ""
[0.086s] -- Execute custom install script
[0.086s] -- Up-to-date symlink: /home/developer/simulation_ws/install/sim_environment/share/sim_environment//worlds/default.sdf
[0.087s] -- Up-to-date symlink: /home/developer/simulation_ws/install/sim_environment/share/sim_environment//launch/sim.launch.py
[0.087s] -- Up-to-date symlink: /home/developer/simulation_ws/install/sim_environment/share/ament_index/resource_index/package_run_dependencies/sim_environment
[0.087s] -- Up-to-date symlink: /home/developer/simulation_ws/install/sim_environment/share/ament_index/resource_index/parent_prefix_path/sim_environment
[0.087s] -- Up-to-date symlink: /home/developer/simulation_ws/install/sim_environment/share/sim_environment/environment/ament_prefix_path.sh
[0.088s] -- Up-to-date symlink: /home/developer/simulation_ws/install/sim_environment/share/sim_environment/environment/ament_prefix_path.dsv
[0.088s] -- Up-to-date symlink: /home/developer/simulation_ws/install/sim_environment/share/sim_environment/environment/path.sh
[0.088s] -- Up-to-date symlink: /home/developer/simulation_ws/install/sim_environment/share/sim_environment/environment/path.dsv
[0.088s] -- Up-to-date symlink: /home/developer/simulation_ws/install/sim_environment/share/sim_environment/local_setup.bash
[0.088s] -- Up-to-date symlink: /home/developer/simulation_ws/install/sim_environment/share/sim_environment/local_setup.sh
[0.088s] -- Up-to-date symlink: /home/developer/simulation_ws/install/sim_environment/share/sim_environment/local_setup.zsh
[0.088s] -- Up-to-date symlink: /home/developer/simulation_ws/install/sim_environment/share/sim_environment/local_setup.dsv
[0.089s] -- Symlinking: /home/developer/simulation_ws/install/sim_environment/share/sim_environment/package.dsv
[0.101s] -- Up-to-date symlink: /home/developer/simulation_ws/install/sim_environment/share/ament_index/resource_index/packages/sim_environment
[0.101s] -- Up-to-date symlink: /home/developer/simulation_ws/install/sim_environment/share/sim_environment/cmake/sim_environmentConfig.cmake
[0.102s] -- Up-to-date symlink: /home/developer/simulation_ws/install/sim_environment/share/sim_environment/cmake/sim_environmentConfig-version.cmake
[0.102s] -- Up-to-date symlink: /home/developer/simulation_ws/install/sim_environment/share/sim_environment/package.xml
[0.104s] Invoked command in '/home/developer/simulation_ws/build/sim_environment' returned '0': CMAKE_PREFIX_PATH=${CMAKE_PREFIX_PATH}:/opt/ros/humble /usr/bin/cmake --install /home/developer/simulation_ws/build/sim_environment
