[0.009s] Invoking command in '/home/developer/simulation_ws/build/sim_environment': CMAKE_PREFIX_PATH=${CMAKE_PREFIX_PATH}:/opt/ros/humble /usr/bin/cmake /home/developer/simulation_ws/src/sim_environment -DAMENT_CMAKE_SYMLINK_INSTALL=1 -DCMAKE_INSTALL_PREFIX=/home/developer/simulation_ws/install/sim_environment
[0.090s] -- The C compiler identification is GNU 11.4.0
[0.175s] -- The CXX compiler identification is GNU 11.4.0
[0.186s] -- Detecting C compiler ABI info
[0.289s] -- Detecting C compiler ABI info - done
[0.298s] -- Check for working C compiler: /usr/bin/cc - skipped
[0.299s] -- Detecting C compile features
[0.299s] -- Detecting C compile features - done
[0.303s] -- Detecting CXX compiler ABI info
[0.421s] -- Detecting CXX compiler ABI info - done
[0.437s] -- Check for working CXX compiler: /usr/bin/c++ - skipped
[0.438s] -- Detecting CXX compile features
[0.439s] -- Detecting CXX compile features - done
[0.443s] -- Found ament_cmake: 1.3.14 (/opt/ros/humble/share/ament_cmake/cmake)
[0.670s] -- Found Python3: /usr/bin/python3 (found version "3.10.12") found components: Interpreter 
[0.762s] -- Override CMake install command with custom implementation using symlinks instead of copying resources
[0.889s] -- Configuring done
[0.891s] -- Generating done
[0.893s] -- Build files have been written to: /home/developer/simulation_ws/build/sim_environment
[0.901s] Invoked command in '/home/developer/simulation_ws/build/sim_environment' returned '0': CMAKE_PREFIX_PATH=${CMAKE_PREFIX_PATH}:/opt/ros/humble /usr/bin/cmake /home/developer/simulation_ws/src/sim_environment -DAMENT_CMAKE_SYMLINK_INSTALL=1 -DCMAKE_INSTALL_PREFIX=/home/developer/simulation_ws/install/sim_environment
[0.902s] Invoking command in '/home/developer/simulation_ws/build/sim_environment': CMAKE_PREFIX_PATH=${CMAKE_PREFIX_PATH}:/opt/ros/humble /usr/bin/cmake --build /home/developer/simulation_ws/build/sim_environment -- -j20 -l20
[0.970s] Invoked command in '/home/developer/simulation_ws/build/sim_environment' returned '0': CMAKE_PREFIX_PATH=${CMAKE_PREFIX_PATH}:/opt/ros/humble /usr/bin/cmake --build /home/developer/simulation_ws/build/sim_environment -- -j20 -l20
[0.985s] Invoking command in '/home/developer/simulation_ws/build/sim_environment': CMAKE_PREFIX_PATH=${CMAKE_PREFIX_PATH}:/opt/ros/humble /usr/bin/cmake --install /home/developer/simulation_ws/build/sim_environment
[0.995s] -- Install configuration: ""
[0.995s] -- Execute custom install script
[0.996s] -- Symlinking: /home/developer/simulation_ws/install/sim_environment/share/sim_environment//worlds/default.sdf
[1.008s] -- Symlinking: /home/developer/simulation_ws/install/sim_environment/share/sim_environment//launch/sim.launch.py
[1.021s] -- Symlinking: /home/developer/simulation_ws/install/sim_environment/share/ament_index/resource_index/package_run_dependencies/sim_environment
[1.038s] -- Symlinking: /home/developer/simulation_ws/install/sim_environment/share/ament_index/resource_index/parent_prefix_path/sim_environment
[1.052s] -- Symlinking: /home/developer/simulation_ws/install/sim_environment/share/sim_environment/environment/ament_prefix_path.sh
[1.063s] -- Symlinking: /home/developer/simulation_ws/install/sim_environment/share/sim_environment/environment/ament_prefix_path.dsv
[1.074s] -- Symlinking: /home/developer/simulation_ws/install/sim_environment/share/sim_environment/environment/path.sh
[1.085s] -- Symlinking: /home/developer/simulation_ws/install/sim_environment/share/sim_environment/environment/path.dsv
[1.096s] -- Symlinking: /home/developer/simulation_ws/install/sim_environment/share/sim_environment/local_setup.bash
[1.107s] -- Symlinking: /home/developer/simulation_ws/install/sim_environment/share/sim_environment/local_setup.sh
[1.120s] -- Symlinking: /home/developer/simulation_ws/install/sim_environment/share/sim_environment/local_setup.zsh
[1.132s] -- Symlinking: /home/developer/simulation_ws/install/sim_environment/share/sim_environment/local_setup.dsv
[1.144s] -- Symlinking: /home/developer/simulation_ws/install/sim_environment/share/sim_environment/package.dsv
[1.157s] -- Symlinking: /home/developer/simulation_ws/install/sim_environment/share/ament_index/resource_index/packages/sim_environment
[1.168s] -- Symlinking: /home/developer/simulation_ws/install/sim_environment/share/sim_environment/cmake/sim_environmentConfig.cmake
[1.178s] -- Symlinking: /home/developer/simulation_ws/install/sim_environment/share/sim_environment/cmake/sim_environmentConfig-version.cmake
[1.188s] -- Symlinking: /home/developer/simulation_ws/install/sim_environment/share/sim_environment/package.xml
[1.201s] Invoked command in '/home/developer/simulation_ws/build/sim_environment' returned '0': CMAKE_PREFIX_PATH=${CMAKE_PREFIX_PATH}:/opt/ros/humble /usr/bin/cmake --install /home/developer/simulation_ws/build/sim_environment
