[0.105s] DEBUG:colcon:Command line arguments: ['/usr/bin/colcon', 'build', '--symlink-install']
[0.105s] DEBUG:colcon:Parsed command line arguments: Namespace(log_base=None, log_level=None, verb_name='build', build_base='build', install_base='install', merge_install=False, symlink_install=True, test_result_base=None, continue_on_error=False, executor='parallel', parallel_workers=12, event_handlers=None, ignore_user_meta=False, metas=['./colcon.meta'], base_paths=['.'], packages_ignore=None, packages_ignore_regex=None, paths=None, packages_up_to=None, packages_up_to_regex=None, packages_above=None, packages_above_and_dependencies=None, packages_above_depth=None, packages_select_by_dep=None, packages_skip_by_dep=None, packages_skip_up_to=None, packages_select_build_failed=False, packages_skip_build_finished=False, packages_select_test_failures=False, packages_skip_test_passed=False, packages_select=None, packages_skip=None, packages_select_regex=None, packages_skip_regex=None, packages_start=None, packages_end=None, cmake_args=None, cmake_target=None, cmake_target_skip_unavailable=False, cmake_clean_cache=False, cmake_clean_first=False, cmake_force_configure=False, ament_cmake_args=None, catkin_cmake_args=None, catkin_skip_building_tests=False, mixin_files=None, mixin=None, verb_parser=<colcon_mixin.mixin.mixin_argument.MixinArgumentDecorator object at 0x7aa61a9b5990>, verb_extension=<colcon_core.verb.build.BuildVerb object at 0x7aa61ab43010>, main=<bound method BuildVerb.main of <colcon_core.verb.build.BuildVerb object at 0x7aa61ab43010>>, mixin_verb=('build',))
[0.247s] Level 1:colcon.colcon_core.package_discovery:discover_packages(colcon_meta) check parameters
[0.247s] Level 1:colcon.colcon_core.package_discovery:discover_packages(recursive) check parameters
[0.247s] Level 1:colcon.colcon_core.package_discovery:discover_packages(ignore) check parameters
[0.247s] Level 1:colcon.colcon_core.package_discovery:discover_packages(path) check parameters
[0.247s] Level 1:colcon.colcon_core.package_discovery:discover_packages(colcon_meta) discover
[0.248s] Level 1:colcon.colcon_core.package_discovery:discover_packages(recursive) discover
[0.248s] INFO:colcon.colcon_core.package_discovery:Crawling recursively for packages in '/home/developer/simulation_ws'
[0.248s] Level 1:colcon.colcon_core.package_identification:_identify(.) by extensions ['ignore', 'ignore_ament_install']
[0.248s] Level 1:colcon.colcon_core.package_identification:_identify(.) by extension 'ignore'
[0.248s] Level 1:colcon.colcon_core.package_identification:_identify(.) by extension 'ignore_ament_install'
[0.248s] Level 1:colcon.colcon_core.package_identification:_identify(.) by extensions ['colcon_pkg']
[0.248s] Level 1:colcon.colcon_core.package_identification:_identify(.) by extension 'colcon_pkg'
[0.249s] Level 1:colcon.colcon_core.package_identification:_identify(.) by extensions ['colcon_meta']
[0.249s] Level 1:colcon.colcon_core.package_identification:_identify(.) by extension 'colcon_meta'
[0.249s] Level 1:colcon.colcon_core.package_identification:_identify(.) by extensions ['ros']
[0.249s] Level 1:colcon.colcon_core.package_identification:_identify(.) by extension 'ros'
[0.259s] Level 1:colcon.colcon_core.package_identification:_identify(.) by extensions ['cmake', 'python']
[0.259s] Level 1:colcon.colcon_core.package_identification:_identify(.) by extension 'cmake'
[0.259s] Level 1:colcon.colcon_core.package_identification:_identify(.) by extension 'python'
[0.259s] Level 1:colcon.colcon_core.package_identification:_identify(.) by extensions ['python_setup_py']
[0.260s] Level 1:colcon.colcon_core.package_identification:_identify(.) by extension 'python_setup_py'
[0.260s] Level 1:colcon.colcon_core.package_identification:_identify(build) by extensions ['ignore', 'ignore_ament_install']
[0.260s] Level 1:colcon.colcon_core.package_identification:_identify(build) by extension 'ignore'
[0.260s] Level 1:colcon.colcon_core.package_identification:_identify(build) ignored
[0.260s] Level 1:colcon.colcon_core.package_identification:_identify(install) by extensions ['ignore', 'ignore_ament_install']
[0.260s] Level 1:colcon.colcon_core.package_identification:_identify(install) by extension 'ignore'
[0.260s] Level 1:colcon.colcon_core.package_identification:_identify(install) ignored
[0.261s] Level 1:colcon.colcon_core.package_identification:_identify(log) by extensions ['ignore', 'ignore_ament_install']
[0.261s] Level 1:colcon.colcon_core.package_identification:_identify(log) by extension 'ignore'
[0.261s] Level 1:colcon.colcon_core.package_identification:_identify(log) ignored
[0.261s] Level 1:colcon.colcon_core.package_identification:_identify(src) by extensions ['ignore', 'ignore_ament_install']
[0.261s] Level 1:colcon.colcon_core.package_identification:_identify(src) by extension 'ignore'
[0.261s] Level 1:colcon.colcon_core.package_identification:_identify(src) by extension 'ignore_ament_install'
[0.261s] Level 1:colcon.colcon_core.package_identification:_identify(src) by extensions ['colcon_pkg']
[0.261s] Level 1:colcon.colcon_core.package_identification:_identify(src) by extension 'colcon_pkg'
[0.261s] Level 1:colcon.colcon_core.package_identification:_identify(src) by extensions ['colcon_meta']
[0.261s] Level 1:colcon.colcon_core.package_identification:_identify(src) by extension 'colcon_meta'
[0.262s] Level 1:colcon.colcon_core.package_identification:_identify(src) by extensions ['ros']
[0.262s] Level 1:colcon.colcon_core.package_identification:_identify(src) by extension 'ros'
[0.262s] Level 1:colcon.colcon_core.package_identification:_identify(src) by extensions ['cmake', 'python']
[0.262s] Level 1:colcon.colcon_core.package_identification:_identify(src) by extension 'cmake'
[0.262s] Level 1:colcon.colcon_core.package_identification:_identify(src) by extension 'python'
[0.262s] Level 1:colcon.colcon_core.package_identification:_identify(src) by extensions ['python_setup_py']
[0.262s] Level 1:colcon.colcon_core.package_identification:_identify(src) by extension 'python_setup_py'
[0.262s] Level 1:colcon.colcon_core.package_identification:_identify(src/lead_missions) by extensions ['ignore', 'ignore_ament_install']
[0.262s] Level 1:colcon.colcon_core.package_identification:_identify(src/lead_missions) by extension 'ignore'
[0.263s] Level 1:colcon.colcon_core.package_identification:_identify(src/lead_missions) by extension 'ignore_ament_install'
[0.263s] Level 1:colcon.colcon_core.package_identification:_identify(src/lead_missions) by extensions ['colcon_pkg']
[0.263s] Level 1:colcon.colcon_core.package_identification:_identify(src/lead_missions) by extension 'colcon_pkg'
[0.263s] Level 1:colcon.colcon_core.package_identification:_identify(src/lead_missions) by extensions ['colcon_meta']
[0.263s] Level 1:colcon.colcon_core.package_identification:_identify(src/lead_missions) by extension 'colcon_meta'
[0.263s] Level 1:colcon.colcon_core.package_identification:_identify(src/lead_missions) by extensions ['ros']
[0.263s] Level 1:colcon.colcon_core.package_identification:_identify(src/lead_missions) by extension 'ros'
[0.266s] DEBUG:colcon.colcon_core.package_identification:Package 'src/lead_missions' with type 'ros.ament_python' and name 'lead_missions'
[0.266s] Level 1:colcon.colcon_core.package_identification:_identify(src/sim_environment) by extensions ['ignore', 'ignore_ament_install']
[0.266s] Level 1:colcon.colcon_core.package_identification:_identify(src/sim_environment) by extension 'ignore'
[0.267s] Level 1:colcon.colcon_core.package_identification:_identify(src/sim_environment) by extension 'ignore_ament_install'
[0.267s] Level 1:colcon.colcon_core.package_identification:_identify(src/sim_environment) by extensions ['colcon_pkg']
[0.267s] Level 1:colcon.colcon_core.package_identification:_identify(src/sim_environment) by extension 'colcon_pkg'
[0.267s] Level 1:colcon.colcon_core.package_identification:_identify(src/sim_environment) by extensions ['colcon_meta']
[0.267s] Level 1:colcon.colcon_core.package_identification:_identify(src/sim_environment) by extension 'colcon_meta'
[0.267s] Level 1:colcon.colcon_core.package_identification:_identify(src/sim_environment) by extensions ['ros']
[0.267s] Level 1:colcon.colcon_core.package_identification:_identify(src/sim_environment) by extension 'ros'
[0.268s] DEBUG:colcon.colcon_core.package_identification:Package 'src/sim_environment' with type 'ros.ament_cmake' and name 'sim_environment'
[0.268s] Level 1:colcon.colcon_core.package_discovery:discover_packages(recursive) using defaults
[0.268s] Level 1:colcon.colcon_core.package_discovery:discover_packages(ignore) discover
[0.268s] Level 1:colcon.colcon_core.package_discovery:discover_packages(ignore) using defaults
[0.268s] Level 1:colcon.colcon_core.package_discovery:discover_packages(path) discover
[0.268s] Level 1:colcon.colcon_core.package_discovery:discover_packages(path) using defaults
[0.287s] Level 5:colcon.colcon_core.verb:set package 'lead_missions' build argument 'cmake_args' from command line to 'None'
[0.287s] Level 5:colcon.colcon_core.verb:set package 'lead_missions' build argument 'cmake_target' from command line to 'None'
[0.287s] Level 5:colcon.colcon_core.verb:set package 'lead_missions' build argument 'cmake_target_skip_unavailable' from command line to 'False'
[0.287s] Level 5:colcon.colcon_core.verb:set package 'lead_missions' build argument 'cmake_clean_cache' from command line to 'False'
[0.287s] Level 5:colcon.colcon_core.verb:set package 'lead_missions' build argument 'cmake_clean_first' from command line to 'False'
[0.287s] Level 5:colcon.colcon_core.verb:set package 'lead_missions' build argument 'cmake_force_configure' from command line to 'False'
[0.288s] Level 5:colcon.colcon_core.verb:set package 'lead_missions' build argument 'ament_cmake_args' from command line to 'None'
[0.288s] Level 5:colcon.colcon_core.verb:set package 'lead_missions' build argument 'catkin_cmake_args' from command line to 'None'
[0.288s] Level 5:colcon.colcon_core.verb:set package 'lead_missions' build argument 'catkin_skip_building_tests' from command line to 'False'
[0.288s] DEBUG:colcon.colcon_core.verb:Building package 'lead_missions' with the following arguments: {'ament_cmake_args': None, 'build_base': '/home/developer/simulation_ws/build/lead_missions', 'catkin_cmake_args': None, 'catkin_skip_building_tests': False, 'cmake_args': None, 'cmake_clean_cache': False, 'cmake_clean_first': False, 'cmake_force_configure': False, 'cmake_target': None, 'cmake_target_skip_unavailable': False, 'install_base': '/home/developer/simulation_ws/install/lead_missions', 'merge_install': False, 'path': '/home/developer/simulation_ws/src/lead_missions', 'symlink_install': True, 'test_result_base': None}
[0.288s] Level 5:colcon.colcon_core.verb:set package 'sim_environment' build argument 'cmake_args' from command line to 'None'
[0.288s] Level 5:colcon.colcon_core.verb:set package 'sim_environment' build argument 'cmake_target' from command line to 'None'
[0.289s] Level 5:colcon.colcon_core.verb:set package 'sim_environment' build argument 'cmake_target_skip_unavailable' from command line to 'False'
[0.289s] Level 5:colcon.colcon_core.verb:set package 'sim_environment' build argument 'cmake_clean_cache' from command line to 'False'
[0.289s] Level 5:colcon.colcon_core.verb:set package 'sim_environment' build argument 'cmake_clean_first' from command line to 'False'
[0.289s] Level 5:colcon.colcon_core.verb:set package 'sim_environment' build argument 'cmake_force_configure' from command line to 'False'
[0.289s] Level 5:colcon.colcon_core.verb:set package 'sim_environment' build argument 'ament_cmake_args' from command line to 'None'
[0.289s] Level 5:colcon.colcon_core.verb:set package 'sim_environment' build argument 'catkin_cmake_args' from command line to 'None'
[0.289s] Level 5:colcon.colcon_core.verb:set package 'sim_environment' build argument 'catkin_skip_building_tests' from command line to 'False'
[0.289s] DEBUG:colcon.colcon_core.verb:Building package 'sim_environment' with the following arguments: {'ament_cmake_args': None, 'build_base': '/home/developer/simulation_ws/build/sim_environment', 'catkin_cmake_args': None, 'catkin_skip_building_tests': False, 'cmake_args': None, 'cmake_clean_cache': False, 'cmake_clean_first': False, 'cmake_force_configure': False, 'cmake_target': None, 'cmake_target_skip_unavailable': False, 'install_base': '/home/developer/simulation_ws/install/sim_environment', 'merge_install': False, 'path': '/home/developer/simulation_ws/src/sim_environment', 'symlink_install': True, 'test_result_base': None}
[0.289s] INFO:colcon.colcon_core.executor:Executing jobs using 'parallel' executor
[0.291s] DEBUG:colcon.colcon_parallel_executor.executor.parallel:run_until_complete
[0.291s] INFO:colcon.colcon_ros.task.ament_python.build:Building ROS package in '/home/developer/simulation_ws/src/lead_missions' with build type 'ament_python'
[0.291s] Level 1:colcon.colcon_core.shell:create_environment_hook('lead_missions', 'ament_prefix_path')
[0.294s] INFO:colcon.colcon_core.plugin_system:Skipping extension 'colcon_core.shell.bat': Not used on non-Windows systems
[0.294s] INFO:colcon.colcon_core.shell:Creating environment hook '/home/developer/simulation_ws/install/lead_missions/share/lead_missions/hook/ament_prefix_path.ps1'
[0.295s] INFO:colcon.colcon_core.shell:Creating environment descriptor '/home/developer/simulation_ws/install/lead_missions/share/lead_missions/hook/ament_prefix_path.dsv'
[0.295s] INFO:colcon.colcon_core.shell:Creating environment hook '/home/developer/simulation_ws/install/lead_missions/share/lead_missions/hook/ament_prefix_path.sh'
[0.296s] INFO:colcon.colcon_core.shell:Skip shell extension 'powershell' for command environment: Not usable outside of PowerShell
[0.296s] DEBUG:colcon.colcon_core.shell:Skip shell extension 'dsv' for command environment
[0.302s] INFO:colcon.colcon_ros.task.ament_cmake.build:Building ROS package in '/home/developer/simulation_ws/src/sim_environment' with build type 'ament_cmake'
[0.302s] INFO:colcon.colcon_cmake.task.cmake.build:Building CMake package in '/home/developer/simulation_ws/src/sim_environment'
[0.302s] INFO:colcon.colcon_core.shell:Skip shell extension 'powershell' for command environment: Not usable outside of PowerShell
[0.303s] DEBUG:colcon.colcon_core.shell:Skip shell extension 'dsv' for command environment
[0.556s] INFO:colcon.colcon_core.task.python.build:Building Python package in '/home/developer/simulation_ws/src/lead_missions'
[0.556s] INFO:colcon.colcon_core.shell:Skip shell extension 'powershell' for command environment: Not usable outside of PowerShell
[0.556s] DEBUG:colcon.colcon_core.shell:Skip shell extension 'dsv' for command environment
[0.565s] DEBUG:colcon.colcon_core.event_handler.log_command:Invoking command in '/home/developer/simulation_ws/build/sim_environment': CMAKE_PREFIX_PATH=${CMAKE_PREFIX_PATH}:/home/developer/simulation_ws/install/lead_missions:/opt/ros/humble /usr/bin/cmake --build /home/developer/simulation_ws/build/sim_environment -- -j12 -l12
[0.609s] DEBUG:colcon.colcon_core.event_handler.log_command:Invoked command in '/home/developer/simulation_ws/build/sim_environment' returned '0': CMAKE_PREFIX_PATH=${CMAKE_PREFIX_PATH}:/home/developer/simulation_ws/install/lead_missions:/opt/ros/humble /usr/bin/cmake --build /home/developer/simulation_ws/build/sim_environment -- -j12 -l12
[0.622s] DEBUG:colcon.colcon_core.event_handler.log_command:Invoking command in '/home/developer/simulation_ws/build/sim_environment': CMAKE_PREFIX_PATH=${CMAKE_PREFIX_PATH}:/home/developer/simulation_ws/install/lead_missions:/opt/ros/humble /usr/bin/cmake --install /home/developer/simulation_ws/build/sim_environment
[0.659s] Level 1:colcon.colcon_core.environment:create_environment_scripts_only(sim_environment)
[0.660s] DEBUG:colcon.colcon_core.event_handler.log_command:Invoked command in '/home/developer/simulation_ws/build/sim_environment' returned '0': CMAKE_PREFIX_PATH=${CMAKE_PREFIX_PATH}:/home/developer/simulation_ws/install/lead_missions:/opt/ros/humble /usr/bin/cmake --install /home/developer/simulation_ws/build/sim_environment
[0.662s] Level 1:colcon.colcon_core.environment:checking '/home/developer/simulation_ws/install/sim_environment' for CMake module files
[0.663s] Level 1:colcon.colcon_core.environment:checking '/home/developer/simulation_ws/install/sim_environment' for CMake config files
[0.663s] Level 1:colcon.colcon_core.shell:create_environment_hook('sim_environment', 'cmake_prefix_path')
[0.664s] INFO:colcon.colcon_core.shell:Creating environment hook '/home/developer/simulation_ws/install/sim_environment/share/sim_environment/hook/cmake_prefix_path.ps1'
[0.664s] INFO:colcon.colcon_core.shell:Creating environment descriptor '/home/developer/simulation_ws/install/sim_environment/share/sim_environment/hook/cmake_prefix_path.dsv'
[0.665s] INFO:colcon.colcon_core.shell:Creating environment hook '/home/developer/simulation_ws/install/sim_environment/share/sim_environment/hook/cmake_prefix_path.sh'
[0.666s] Level 1:colcon.colcon_core.environment:checking '/home/developer/simulation_ws/install/sim_environment/bin'
[0.666s] Level 1:colcon.colcon_core.environment:checking '/home/developer/simulation_ws/install/sim_environment/lib/pkgconfig/sim_environment.pc'
[0.666s] Level 1:colcon.colcon_core.environment:checking '/home/developer/simulation_ws/install/sim_environment/lib/python3.10/site-packages'
[0.667s] Level 1:colcon.colcon_core.environment:checking '/home/developer/simulation_ws/install/sim_environment/bin'
[0.667s] INFO:colcon.colcon_core.shell:Creating package script '/home/developer/simulation_ws/install/sim_environment/share/sim_environment/package.ps1'
[0.669s] INFO:colcon.colcon_core.shell:Creating package descriptor '/home/developer/simulation_ws/install/sim_environment/share/sim_environment/package.dsv'
[0.669s] INFO:colcon.colcon_core.shell:Creating package script '/home/developer/simulation_ws/install/sim_environment/share/sim_environment/package.sh'
[0.670s] INFO:colcon.colcon_core.shell:Creating package script '/home/developer/simulation_ws/install/sim_environment/share/sim_environment/package.bash'
[0.680s] INFO:colcon.colcon_core.shell:Creating package script '/home/developer/simulation_ws/install/sim_environment/share/sim_environment/package.zsh'
[0.681s] Level 1:colcon.colcon_core.environment:create_file_with_runtime_dependencies(/home/developer/simulation_ws/install/sim_environment/share/colcon-core/packages/sim_environment)
[0.682s] Level 1:colcon.colcon_core.environment:create_environment_scripts_only(sim_environment)
[0.682s] Level 1:colcon.colcon_core.environment:checking '/home/developer/simulation_ws/install/sim_environment' for CMake module files
[0.683s] Level 1:colcon.colcon_core.environment:checking '/home/developer/simulation_ws/install/sim_environment' for CMake config files
[0.683s] Level 1:colcon.colcon_core.shell:create_environment_hook('sim_environment', 'cmake_prefix_path')
[0.683s] INFO:colcon.colcon_core.shell:Creating environment hook '/home/developer/simulation_ws/install/sim_environment/share/sim_environment/hook/cmake_prefix_path.ps1'
[0.684s] INFO:colcon.colcon_core.shell:Creating environment descriptor '/home/developer/simulation_ws/install/sim_environment/share/sim_environment/hook/cmake_prefix_path.dsv'
[0.684s] INFO:colcon.colcon_core.shell:Creating environment hook '/home/developer/simulation_ws/install/sim_environment/share/sim_environment/hook/cmake_prefix_path.sh'
[0.685s] Level 1:colcon.colcon_core.environment:checking '/home/developer/simulation_ws/install/sim_environment/bin'
[0.685s] Level 1:colcon.colcon_core.environment:checking '/home/developer/simulation_ws/install/sim_environment/lib/pkgconfig/sim_environment.pc'
[0.685s] Level 1:colcon.colcon_core.environment:checking '/home/developer/simulation_ws/install/sim_environment/lib/python3.10/site-packages'
[0.686s] Level 1:colcon.colcon_core.environment:checking '/home/developer/simulation_ws/install/sim_environment/bin'
[0.686s] INFO:colcon.colcon_core.shell:Creating package script '/home/developer/simulation_ws/install/sim_environment/share/sim_environment/package.ps1'
[0.687s] INFO:colcon.colcon_core.shell:Creating package descriptor '/home/developer/simulation_ws/install/sim_environment/share/sim_environment/package.dsv'
[0.688s] INFO:colcon.colcon_core.shell:Creating package script '/home/developer/simulation_ws/install/sim_environment/share/sim_environment/package.sh'
[0.689s] INFO:colcon.colcon_core.shell:Creating package script '/home/developer/simulation_ws/install/sim_environment/share/sim_environment/package.bash'
[0.689s] INFO:colcon.colcon_core.shell:Creating package script '/home/developer/simulation_ws/install/sim_environment/share/sim_environment/package.zsh'
[0.690s] Level 1:colcon.colcon_core.environment:create_file_with_runtime_dependencies(/home/developer/simulation_ws/install/sim_environment/share/colcon-core/packages/sim_environment)
[0.908s] DEBUG:colcon.colcon_core.task.python.build:Available setuptools commands: upload_docs, install, build_ext, bdist_egg, dist_info, rotate, bdist_rpm, upload, egg_info, install_lib, sdist, build_scripts, clean, alias, bdist_wheel, saveopts, install_scripts, check, easy_install, build_clib, install_egg_info, install_data, setopt, bdist, test, symlink_data, develop, register, install_headers, bdist_dumb, build_py, build
[1.166s] DEBUG:colcon.colcon_core.task.python.build:Available setuptools 'develop' options: --zip-ok, --quiet, --site-dirs, --install-layout, --always-unzip, --editable, --help, --prefix, --build-directory, --exclude-scripts, --record, --no-user-cfg, --index-url, --version, --dry-run, --local-snapshots-ok, --multi-version, --user, --script-dir, --force-installation-into-system-dir, --no-deps, --egg-path, --install-dir, --no-find-links, --uninstall, --always-copy, --allow-hosts, --find-links, --upgrade, --verbose, --optimize
[1.169s] DEBUG:colcon.colcon_core.event_handler.log_command:Invoking command in '/home/developer/simulation_ws/build/lead_missions': PYTHONPATH=/home/developer/simulation_ws/build/lead_missions/prefix_override:/usr/lib/python3/dist-packages/colcon_core/task/python/colcon_distutils_commands:/home/developer/simulation_ws/install/lead_missions/lib/python3.10/site-packages:${PYTHONPATH} /usr/bin/python3 -W ignore:setup.py install is deprecated -W ignore:easy_install command is deprecated setup.py develop --editable --build-directory /home/developer/simulation_ws/build/lead_missions/build --no-deps symlink_data
[1.680s] Level 1:colcon.colcon_core.shell:create_environment_hook('lead_missions', 'pythonpath_develop')
[1.681s] INFO:colcon.colcon_core.shell:Creating environment hook '/home/developer/simulation_ws/build/lead_missions/share/lead_missions/hook/pythonpath_develop.ps1'
[1.681s] DEBUG:colcon.colcon_core.event_handler.log_command:Invoked command in '/home/developer/simulation_ws/build/lead_missions' returned '0': PYTHONPATH=/home/developer/simulation_ws/build/lead_missions/prefix_override:/usr/lib/python3/dist-packages/colcon_core/task/python/colcon_distutils_commands:/home/developer/simulation_ws/install/lead_missions/lib/python3.10/site-packages:${PYTHONPATH} /usr/bin/python3 -W ignore:setup.py install is deprecated -W ignore:easy_install command is deprecated setup.py develop --editable --build-directory /home/developer/simulation_ws/build/lead_missions/build --no-deps symlink_data
[1.682s] INFO:colcon.colcon_core.shell:Creating environment descriptor '/home/developer/simulation_ws/build/lead_missions/share/lead_missions/hook/pythonpath_develop.dsv'
[1.682s] INFO:colcon.colcon_core.shell:Creating environment hook '/home/developer/simulation_ws/build/lead_missions/share/lead_missions/hook/pythonpath_develop.sh'
[1.683s] Level 1:colcon.colcon_core.environment:checking '/home/developer/simulation_ws/install/lead_missions' for CMake module files
[1.684s] Level 1:colcon.colcon_core.environment:checking '/home/developer/simulation_ws/install/lead_missions' for CMake config files
[1.685s] Level 1:colcon.colcon_core.environment:checking '/home/developer/simulation_ws/install/lead_missions/lib'
[1.685s] Level 1:colcon.colcon_core.environment:checking '/home/developer/simulation_ws/install/lead_missions/bin'
[1.685s] Level 1:colcon.colcon_core.environment:checking '/home/developer/simulation_ws/install/lead_missions/lib/pkgconfig/lead_missions.pc'
[1.685s] Level 1:colcon.colcon_core.environment:checking '/home/developer/simulation_ws/install/lead_missions/lib/python3.10/site-packages'
[1.685s] Level 1:colcon.colcon_core.shell:create_environment_hook('lead_missions', 'pythonpath')
[1.686s] INFO:colcon.colcon_core.shell:Creating environment hook '/home/developer/simulation_ws/install/lead_missions/share/lead_missions/hook/pythonpath.ps1'
[1.687s] INFO:colcon.colcon_core.shell:Creating environment descriptor '/home/developer/simulation_ws/install/lead_missions/share/lead_missions/hook/pythonpath.dsv'
[1.687s] INFO:colcon.colcon_core.shell:Creating environment hook '/home/developer/simulation_ws/install/lead_missions/share/lead_missions/hook/pythonpath.sh'
[1.689s] Level 1:colcon.colcon_core.environment:checking '/home/developer/simulation_ws/install/lead_missions/bin'
[1.689s] Level 1:colcon.colcon_core.environment:create_environment_scripts_only(lead_missions)
[1.689s] INFO:colcon.colcon_core.shell:Creating package script '/home/developer/simulation_ws/install/lead_missions/share/lead_missions/package.ps1'
[1.690s] INFO:colcon.colcon_core.shell:Creating package descriptor '/home/developer/simulation_ws/install/lead_missions/share/lead_missions/package.dsv'
[1.691s] INFO:colcon.colcon_core.shell:Creating package script '/home/developer/simulation_ws/install/lead_missions/share/lead_missions/package.sh'
[1.692s] INFO:colcon.colcon_core.shell:Creating package script '/home/developer/simulation_ws/install/lead_missions/share/lead_missions/package.bash'
[1.693s] INFO:colcon.colcon_core.shell:Creating package script '/home/developer/simulation_ws/install/lead_missions/share/lead_missions/package.zsh'
[1.693s] Level 1:colcon.colcon_core.environment:create_file_with_runtime_dependencies(/home/developer/simulation_ws/install/lead_missions/share/colcon-core/packages/lead_missions)
[1.694s] DEBUG:colcon.colcon_parallel_executor.executor.parallel:closing loop
[1.694s] DEBUG:colcon.colcon_parallel_executor.executor.parallel:loop closed
[1.694s] DEBUG:colcon.colcon_parallel_executor.executor.parallel:run_until_complete finished with '0'
[1.695s] DEBUG:colcon.colcon_core.event_reactor:joining thread
[1.701s] INFO:colcon.colcon_core.plugin_system:Skipping extension 'colcon_notification.desktop_notification.notify_send': Could not find 'notify-send'
[1.701s] INFO:colcon.colcon_core.plugin_system:Skipping extension 'colcon_notification.desktop_notification.terminal_notifier': Not used on non-Darwin systems
[1.702s] INFO:colcon.colcon_core.plugin_system:Skipping extension 'colcon_notification.desktop_notification.win32': Not used on non-Windows systems
[1.702s] INFO:colcon.colcon_notification.desktop_notification:Sending desktop notification using 'notify2'
[1.705s] DEBUG:colcon.colcon_notification.desktop_notification.notify2:Failed to initialize notify2: org.freedesktop.DBus.Error.Spawn.ExecFailed: /usr/bin/dbus-launch terminated abnormally without any error message
[1.706s] DEBUG:colcon.colcon_core.event_reactor:joined thread
[1.707s] INFO:colcon.colcon_core.shell:Creating prefix script '/home/developer/simulation_ws/install/local_setup.ps1'
[1.710s] INFO:colcon.colcon_core.shell:Creating prefix util module '/home/developer/simulation_ws/install/_local_setup_util_ps1.py'
[1.715s] INFO:colcon.colcon_core.shell:Creating prefix chain script '/home/developer/simulation_ws/install/setup.ps1'
[1.718s] INFO:colcon.colcon_core.shell:Creating prefix script '/home/developer/simulation_ws/install/local_setup.sh'
[1.719s] INFO:colcon.colcon_core.shell:Creating prefix util module '/home/developer/simulation_ws/install/_local_setup_util_sh.py'
[1.720s] INFO:colcon.colcon_core.shell:Creating prefix chain script '/home/developer/simulation_ws/install/setup.sh'
[1.722s] INFO:colcon.colcon_core.shell:Creating prefix script '/home/developer/simulation_ws/install/local_setup.bash'
[1.723s] INFO:colcon.colcon_core.shell:Creating prefix chain script '/home/developer/simulation_ws/install/setup.bash'
[1.726s] INFO:colcon.colcon_core.shell:Creating prefix script '/home/developer/simulation_ws/install/local_setup.zsh'
[1.726s] INFO:colcon.colcon_core.shell:Creating prefix chain script '/home/developer/simulation_ws/install/setup.zsh'
