[0.094s] DEBUG:colcon:Command line arguments: ['/usr/bin/colcon', 'build', '--symlink-install']
[0.094s] DEBUG:colcon:Parsed command line arguments: Namespace(log_base=None, log_level=None, verb_name='build', build_base='build', install_base='install', merge_install=False, symlink_install=True, test_result_base=None, continue_on_error=False, executor='parallel', parallel_workers=12, event_handlers=None, ignore_user_meta=False, metas=['./colcon.meta'], base_paths=['.'], packages_ignore=None, packages_ignore_regex=None, paths=None, packages_up_to=None, packages_up_to_regex=None, packages_above=None, packages_above_and_dependencies=None, packages_above_depth=None, packages_select_by_dep=None, packages_skip_by_dep=None, packages_skip_up_to=None, packages_select_build_failed=False, packages_skip_build_finished=False, packages_select_test_failures=False, packages_skip_test_passed=False, packages_select=None, packages_skip=None, packages_select_regex=None, packages_skip_regex=None, packages_start=None, packages_end=None, cmake_args=None, cmake_target=None, cmake_target_skip_unavailable=False, cmake_clean_cache=False, cmake_clean_first=False, cmake_force_configure=False, ament_cmake_args=None, catkin_cmake_args=None, catkin_skip_building_tests=False, mixin_files=None, mixin=None, verb_parser=<colcon_mixin.mixin.mixin_argument.MixinArgumentDecorator object at 0x7c4a0e158fd0>, verb_extension=<colcon_core.verb.build.BuildVerb object at 0x7c4a0e2d6650>, main=<bound method BuildVerb.main of <colcon_core.verb.build.BuildVerb object at 0x7c4a0e2d6650>>, mixin_verb=('build',))
[0.226s] Level 1:colcon.colcon_core.package_discovery:discover_packages(colcon_meta) check parameters
[0.226s] Level 1:colcon.colcon_core.package_discovery:discover_packages(recursive) check parameters
[0.226s] Level 1:colcon.colcon_core.package_discovery:discover_packages(ignore) check parameters
[0.226s] Level 1:colcon.colcon_core.package_discovery:discover_packages(path) check parameters
[0.226s] Level 1:colcon.colcon_core.package_discovery:discover_packages(colcon_meta) discover
[0.226s] Level 1:colcon.colcon_core.package_discovery:discover_packages(recursive) discover
[0.226s] INFO:colcon.colcon_core.package_discovery:Crawling recursively for packages in '/home/developer/simulation_ws'
[0.226s] Level 1:colcon.colcon_core.package_identification:_identify(.) by extensions ['ignore', 'ignore_ament_install']
[0.226s] Level 1:colcon.colcon_core.package_identification:_identify(.) by extension 'ignore'
[0.227s] Level 1:colcon.colcon_core.package_identification:_identify(.) by extension 'ignore_ament_install'
[0.227s] Level 1:colcon.colcon_core.package_identification:_identify(.) by extensions ['colcon_pkg']
[0.227s] Level 1:colcon.colcon_core.package_identification:_identify(.) by extension 'colcon_pkg'
[0.227s] Level 1:colcon.colcon_core.package_identification:_identify(.) by extensions ['colcon_meta']
[0.227s] Level 1:colcon.colcon_core.package_identification:_identify(.) by extension 'colcon_meta'
[0.227s] Level 1:colcon.colcon_core.package_identification:_identify(.) by extensions ['ros']
[0.227s] Level 1:colcon.colcon_core.package_identification:_identify(.) by extension 'ros'
[0.237s] Level 1:colcon.colcon_core.package_identification:_identify(.) by extensions ['cmake', 'python']
[0.237s] Level 1:colcon.colcon_core.package_identification:_identify(.) by extension 'cmake'
[0.237s] Level 1:colcon.colcon_core.package_identification:_identify(.) by extension 'python'
[0.237s] Level 1:colcon.colcon_core.package_identification:_identify(.) by extensions ['python_setup_py']
[0.237s] Level 1:colcon.colcon_core.package_identification:_identify(.) by extension 'python_setup_py'
[0.237s] Level 1:colcon.colcon_core.package_identification:_identify(build) by extensions ['ignore', 'ignore_ament_install']
[0.237s] Level 1:colcon.colcon_core.package_identification:_identify(build) by extension 'ignore'
[0.237s] Level 1:colcon.colcon_core.package_identification:_identify(build) ignored
[0.238s] Level 1:colcon.colcon_core.package_identification:_identify(install) by extensions ['ignore', 'ignore_ament_install']
[0.238s] Level 1:colcon.colcon_core.package_identification:_identify(install) by extension 'ignore'
[0.238s] Level 1:colcon.colcon_core.package_identification:_identify(install) ignored
[0.238s] Level 1:colcon.colcon_core.package_identification:_identify(log) by extensions ['ignore', 'ignore_ament_install']
[0.238s] Level 1:colcon.colcon_core.package_identification:_identify(log) by extension 'ignore'
[0.238s] Level 1:colcon.colcon_core.package_identification:_identify(log) ignored
[0.238s] Level 1:colcon.colcon_core.package_identification:_identify(src) by extensions ['ignore', 'ignore_ament_install']
[0.238s] Level 1:colcon.colcon_core.package_identification:_identify(src) by extension 'ignore'
[0.238s] Level 1:colcon.colcon_core.package_identification:_identify(src) by extension 'ignore_ament_install'
[0.238s] Level 1:colcon.colcon_core.package_identification:_identify(src) by extensions ['colcon_pkg']
[0.238s] Level 1:colcon.colcon_core.package_identification:_identify(src) by extension 'colcon_pkg'
[0.238s] Level 1:colcon.colcon_core.package_identification:_identify(src) by extensions ['colcon_meta']
[0.239s] Level 1:colcon.colcon_core.package_identification:_identify(src) by extension 'colcon_meta'
[0.239s] Level 1:colcon.colcon_core.package_identification:_identify(src) by extensions ['ros']
[0.239s] Level 1:colcon.colcon_core.package_identification:_identify(src) by extension 'ros'
[0.239s] Level 1:colcon.colcon_core.package_identification:_identify(src) by extensions ['cmake', 'python']
[0.239s] Level 1:colcon.colcon_core.package_identification:_identify(src) by extension 'cmake'
[0.239s] Level 1:colcon.colcon_core.package_identification:_identify(src) by extension 'python'
[0.239s] Level 1:colcon.colcon_core.package_identification:_identify(src) by extensions ['python_setup_py']
[0.239s] Level 1:colcon.colcon_core.package_identification:_identify(src) by extension 'python_setup_py'
[0.239s] Level 1:colcon.colcon_core.package_identification:_identify(src/lead_missions) by extensions ['ignore', 'ignore_ament_install']
[0.239s] Level 1:colcon.colcon_core.package_identification:_identify(src/lead_missions) by extension 'ignore'
[0.239s] Level 1:colcon.colcon_core.package_identification:_identify(src/lead_missions) by extension 'ignore_ament_install'
[0.239s] Level 1:colcon.colcon_core.package_identification:_identify(src/lead_missions) by extensions ['colcon_pkg']
[0.239s] Level 1:colcon.colcon_core.package_identification:_identify(src/lead_missions) by extension 'colcon_pkg'
[0.239s] Level 1:colcon.colcon_core.package_identification:_identify(src/lead_missions) by extensions ['colcon_meta']
[0.239s] Level 1:colcon.colcon_core.package_identification:_identify(src/lead_missions) by extension 'colcon_meta'
[0.240s] Level 1:colcon.colcon_core.package_identification:_identify(src/lead_missions) by extensions ['ros']
[0.240s] Level 1:colcon.colcon_core.package_identification:_identify(src/lead_missions) by extension 'ros'
[0.243s] DEBUG:colcon.colcon_core.package_identification:Package 'src/lead_missions' with type 'ros.ament_python' and name 'lead_missions'
[0.243s] Level 1:colcon.colcon_core.package_identification:_identify(src/sim_environment) by extensions ['ignore', 'ignore_ament_install']
[0.243s] Level 1:colcon.colcon_core.package_identification:_identify(src/sim_environment) by extension 'ignore'
[0.243s] Level 1:colcon.colcon_core.package_identification:_identify(src/sim_environment) by extension 'ignore_ament_install'
[0.243s] Level 1:colcon.colcon_core.package_identification:_identify(src/sim_environment) by extensions ['colcon_pkg']
[0.243s] Level 1:colcon.colcon_core.package_identification:_identify(src/sim_environment) by extension 'colcon_pkg'
[0.243s] Level 1:colcon.colcon_core.package_identification:_identify(src/sim_environment) by extensions ['colcon_meta']
[0.244s] Level 1:colcon.colcon_core.package_identification:_identify(src/sim_environment) by extension 'colcon_meta'
[0.244s] Level 1:colcon.colcon_core.package_identification:_identify(src/sim_environment) by extensions ['ros']
[0.244s] Level 1:colcon.colcon_core.package_identification:_identify(src/sim_environment) by extension 'ros'
[0.244s] DEBUG:colcon.colcon_core.package_identification:Package 'src/sim_environment' with type 'ros.ament_cmake' and name 'sim_environment'
[0.244s] Level 1:colcon.colcon_core.package_discovery:discover_packages(recursive) using defaults
[0.244s] Level 1:colcon.colcon_core.package_discovery:discover_packages(ignore) discover
[0.244s] Level 1:colcon.colcon_core.package_discovery:discover_packages(ignore) using defaults
[0.245s] Level 1:colcon.colcon_core.package_discovery:discover_packages(path) discover
[0.245s] Level 1:colcon.colcon_core.package_discovery:discover_packages(path) using defaults
[0.262s] Level 5:colcon.colcon_core.verb:set package 'lead_missions' build argument 'cmake_args' from command line to 'None'
[0.262s] Level 5:colcon.colcon_core.verb:set package 'lead_missions' build argument 'cmake_target' from command line to 'None'
[0.262s] Level 5:colcon.colcon_core.verb:set package 'lead_missions' build argument 'cmake_target_skip_unavailable' from command line to 'False'
[0.262s] Level 5:colcon.colcon_core.verb:set package 'lead_missions' build argument 'cmake_clean_cache' from command line to 'False'
[0.262s] Level 5:colcon.colcon_core.verb:set package 'lead_missions' build argument 'cmake_clean_first' from command line to 'False'
[0.262s] Level 5:colcon.colcon_core.verb:set package 'lead_missions' build argument 'cmake_force_configure' from command line to 'False'
[0.262s] Level 5:colcon.colcon_core.verb:set package 'lead_missions' build argument 'ament_cmake_args' from command line to 'None'
[0.262s] Level 5:colcon.colcon_core.verb:set package 'lead_missions' build argument 'catkin_cmake_args' from command line to 'None'
[0.262s] Level 5:colcon.colcon_core.verb:set package 'lead_missions' build argument 'catkin_skip_building_tests' from command line to 'False'
[0.262s] DEBUG:colcon.colcon_core.verb:Building package 'lead_missions' with the following arguments: {'ament_cmake_args': None, 'build_base': '/home/developer/simulation_ws/build/lead_missions', 'catkin_cmake_args': None, 'catkin_skip_building_tests': False, 'cmake_args': None, 'cmake_clean_cache': False, 'cmake_clean_first': False, 'cmake_force_configure': False, 'cmake_target': None, 'cmake_target_skip_unavailable': False, 'install_base': '/home/developer/simulation_ws/install/lead_missions', 'merge_install': False, 'path': '/home/developer/simulation_ws/src/lead_missions', 'symlink_install': True, 'test_result_base': None}
[0.263s] Level 5:colcon.colcon_core.verb:set package 'sim_environment' build argument 'cmake_args' from command line to 'None'
[0.263s] Level 5:colcon.colcon_core.verb:set package 'sim_environment' build argument 'cmake_target' from command line to 'None'
[0.263s] Level 5:colcon.colcon_core.verb:set package 'sim_environment' build argument 'cmake_target_skip_unavailable' from command line to 'False'
[0.263s] Level 5:colcon.colcon_core.verb:set package 'sim_environment' build argument 'cmake_clean_cache' from command line to 'False'
[0.263s] Level 5:colcon.colcon_core.verb:set package 'sim_environment' build argument 'cmake_clean_first' from command line to 'False'
[0.263s] Level 5:colcon.colcon_core.verb:set package 'sim_environment' build argument 'cmake_force_configure' from command line to 'False'
[0.263s] Level 5:colcon.colcon_core.verb:set package 'sim_environment' build argument 'ament_cmake_args' from command line to 'None'
[0.263s] Level 5:colcon.colcon_core.verb:set package 'sim_environment' build argument 'catkin_cmake_args' from command line to 'None'
[0.263s] Level 5:colcon.colcon_core.verb:set package 'sim_environment' build argument 'catkin_skip_building_tests' from command line to 'False'
[0.263s] DEBUG:colcon.colcon_core.verb:Building package 'sim_environment' with the following arguments: {'ament_cmake_args': None, 'build_base': '/home/developer/simulation_ws/build/sim_environment', 'catkin_cmake_args': None, 'catkin_skip_building_tests': False, 'cmake_args': None, 'cmake_clean_cache': False, 'cmake_clean_first': False, 'cmake_force_configure': False, 'cmake_target': None, 'cmake_target_skip_unavailable': False, 'install_base': '/home/developer/simulation_ws/install/sim_environment', 'merge_install': False, 'path': '/home/developer/simulation_ws/src/sim_environment', 'symlink_install': True, 'test_result_base': None}
[0.264s] INFO:colcon.colcon_core.executor:Executing jobs using 'parallel' executor
[0.265s] DEBUG:colcon.colcon_parallel_executor.executor.parallel:run_until_complete
[0.265s] INFO:colcon.colcon_ros.task.ament_python.build:Building ROS package in '/home/developer/simulation_ws/src/lead_missions' with build type 'ament_python'
[0.265s] Level 1:colcon.colcon_core.shell:create_environment_hook('lead_missions', 'ament_prefix_path')
[0.268s] INFO:colcon.colcon_core.plugin_system:Skipping extension 'colcon_core.shell.bat': Not used on non-Windows systems
[0.268s] INFO:colcon.colcon_core.shell:Creating environment hook '/home/developer/simulation_ws/install/lead_missions/share/lead_missions/hook/ament_prefix_path.ps1'
[0.268s] INFO:colcon.colcon_core.shell:Creating environment descriptor '/home/developer/simulation_ws/install/lead_missions/share/lead_missions/hook/ament_prefix_path.dsv'
[0.269s] INFO:colcon.colcon_core.shell:Creating environment hook '/home/developer/simulation_ws/install/lead_missions/share/lead_missions/hook/ament_prefix_path.sh'
[0.269s] INFO:colcon.colcon_core.shell:Skip shell extension 'powershell' for command environment: Not usable outside of PowerShell
[0.269s] DEBUG:colcon.colcon_core.shell:Skip shell extension 'dsv' for command environment
[0.274s] INFO:colcon.colcon_ros.task.ament_cmake.build:Building ROS package in '/home/developer/simulation_ws/src/sim_environment' with build type 'ament_cmake'
[0.274s] INFO:colcon.colcon_cmake.task.cmake.build:Building CMake package in '/home/developer/simulation_ws/src/sim_environment'
[0.274s] INFO:colcon.colcon_core.shell:Skip shell extension 'powershell' for command environment: Not usable outside of PowerShell
[0.274s] DEBUG:colcon.colcon_core.shell:Skip shell extension 'dsv' for command environment
[0.480s] INFO:colcon.colcon_core.task.python.build:Building Python package in '/home/developer/simulation_ws/src/lead_missions'
[0.480s] INFO:colcon.colcon_core.shell:Skip shell extension 'powershell' for command environment: Not usable outside of PowerShell
[0.481s] DEBUG:colcon.colcon_core.shell:Skip shell extension 'dsv' for command environment
[0.487s] DEBUG:colcon.colcon_core.event_handler.log_command:Invoking command in '/home/developer/simulation_ws/build/sim_environment': CMAKE_PREFIX_PATH=${CMAKE_PREFIX_PATH}:/opt/ros/humble /usr/bin/cmake --build /home/developer/simulation_ws/build/sim_environment -- -j12 -l12
[0.523s] DEBUG:colcon.colcon_core.event_handler.log_command:Invoked command in '/home/developer/simulation_ws/build/sim_environment' returned '0': CMAKE_PREFIX_PATH=${CMAKE_PREFIX_PATH}:/opt/ros/humble /usr/bin/cmake --build /home/developer/simulation_ws/build/sim_environment -- -j12 -l12
[0.532s] DEBUG:colcon.colcon_core.event_handler.log_command:Invoking command in '/home/developer/simulation_ws/build/sim_environment': CMAKE_PREFIX_PATH=${CMAKE_PREFIX_PATH}:/opt/ros/humble /usr/bin/cmake --install /home/developer/simulation_ws/build/sim_environment
[0.558s] Level 1:colcon.colcon_core.environment:create_environment_scripts_only(sim_environment)
[0.559s] DEBUG:colcon.colcon_core.event_handler.log_command:Invoked command in '/home/developer/simulation_ws/build/sim_environment' returned '0': CMAKE_PREFIX_PATH=${CMAKE_PREFIX_PATH}:/opt/ros/humble /usr/bin/cmake --install /home/developer/simulation_ws/build/sim_environment
[0.561s] Level 1:colcon.colcon_core.environment:checking '/home/developer/simulation_ws/install/sim_environment' for CMake module files
[0.561s] Level 1:colcon.colcon_core.environment:checking '/home/developer/simulation_ws/install/sim_environment' for CMake config files
[0.561s] Level 1:colcon.colcon_core.shell:create_environment_hook('sim_environment', 'cmake_prefix_path')
[0.562s] INFO:colcon.colcon_core.shell:Creating environment hook '/home/developer/simulation_ws/install/sim_environment/share/sim_environment/hook/cmake_prefix_path.ps1'
[0.562s] INFO:colcon.colcon_core.shell:Creating environment descriptor '/home/developer/simulation_ws/install/sim_environment/share/sim_environment/hook/cmake_prefix_path.dsv'
[0.562s] INFO:colcon.colcon_core.shell:Creating environment hook '/home/developer/simulation_ws/install/sim_environment/share/sim_environment/hook/cmake_prefix_path.sh'
[0.563s] Level 1:colcon.colcon_core.environment:checking '/home/developer/simulation_ws/install/sim_environment/bin'
[0.563s] Level 1:colcon.colcon_core.environment:checking '/home/developer/simulation_ws/install/sim_environment/lib/pkgconfig/sim_environment.pc'
[0.563s] Level 1:colcon.colcon_core.environment:checking '/home/developer/simulation_ws/install/sim_environment/lib/python3.10/site-packages'
[0.564s] Level 1:colcon.colcon_core.environment:checking '/home/developer/simulation_ws/install/sim_environment/bin'
[0.564s] INFO:colcon.colcon_core.shell:Creating package script '/home/developer/simulation_ws/install/sim_environment/share/sim_environment/package.ps1'
[0.565s] INFO:colcon.colcon_core.shell:Creating package descriptor '/home/developer/simulation_ws/install/sim_environment/share/sim_environment/package.dsv'
[0.565s] INFO:colcon.colcon_core.shell:Creating package script '/home/developer/simulation_ws/install/sim_environment/share/sim_environment/package.sh'
[0.566s] INFO:colcon.colcon_core.shell:Creating package script '/home/developer/simulation_ws/install/sim_environment/share/sim_environment/package.bash'
[0.568s] INFO:colcon.colcon_core.shell:Creating package script '/home/developer/simulation_ws/install/sim_environment/share/sim_environment/package.zsh'
[0.568s] Level 1:colcon.colcon_core.environment:create_file_with_runtime_dependencies(/home/developer/simulation_ws/install/sim_environment/share/colcon-core/packages/sim_environment)
[0.569s] Level 1:colcon.colcon_core.environment:create_environment_scripts_only(sim_environment)
[0.569s] Level 1:colcon.colcon_core.environment:checking '/home/developer/simulation_ws/install/sim_environment' for CMake module files
[0.569s] Level 1:colcon.colcon_core.environment:checking '/home/developer/simulation_ws/install/sim_environment' for CMake config files
[0.570s] Level 1:colcon.colcon_core.shell:create_environment_hook('sim_environment', 'cmake_prefix_path')
[0.570s] INFO:colcon.colcon_core.shell:Creating environment hook '/home/developer/simulation_ws/install/sim_environment/share/sim_environment/hook/cmake_prefix_path.ps1'
[0.570s] INFO:colcon.colcon_core.shell:Creating environment descriptor '/home/developer/simulation_ws/install/sim_environment/share/sim_environment/hook/cmake_prefix_path.dsv'
[0.570s] INFO:colcon.colcon_core.shell:Creating environment hook '/home/developer/simulation_ws/install/sim_environment/share/sim_environment/hook/cmake_prefix_path.sh'
[0.571s] Level 1:colcon.colcon_core.environment:checking '/home/developer/simulation_ws/install/sim_environment/bin'
[0.571s] Level 1:colcon.colcon_core.environment:checking '/home/developer/simulation_ws/install/sim_environment/lib/pkgconfig/sim_environment.pc'
[0.571s] Level 1:colcon.colcon_core.environment:checking '/home/developer/simulation_ws/install/sim_environment/lib/python3.10/site-packages'
[0.571s] Level 1:colcon.colcon_core.environment:checking '/home/developer/simulation_ws/install/sim_environment/bin'
[0.572s] INFO:colcon.colcon_core.shell:Creating package script '/home/developer/simulation_ws/install/sim_environment/share/sim_environment/package.ps1'
[0.572s] INFO:colcon.colcon_core.shell:Creating package descriptor '/home/developer/simulation_ws/install/sim_environment/share/sim_environment/package.dsv'
[0.573s] INFO:colcon.colcon_core.shell:Creating package script '/home/developer/simulation_ws/install/sim_environment/share/sim_environment/package.sh'
[0.573s] INFO:colcon.colcon_core.shell:Creating package script '/home/developer/simulation_ws/install/sim_environment/share/sim_environment/package.bash'
[0.573s] INFO:colcon.colcon_core.shell:Creating package script '/home/developer/simulation_ws/install/sim_environment/share/sim_environment/package.zsh'
[0.574s] Level 1:colcon.colcon_core.environment:create_file_with_runtime_dependencies(/home/developer/simulation_ws/install/sim_environment/share/colcon-core/packages/sim_environment)
[0.766s] DEBUG:colcon.colcon_core.task.python.build:Available setuptools commands: install_lib, bdist_wheel, bdist_egg, bdist_rpm, install_scripts, check, setopt, egg_info, upload, build_ext, dist_info, saveopts, install_data, install, alias, upload_docs, easy_install, bdist, build_scripts, bdist_dumb, develop, install_egg_info, clean, rotate, symlink_data, register, test, sdist, build_clib, build, install_headers, build_py
[0.994s] DEBUG:colcon.colcon_core.task.python.build:Available setuptools 'develop' options: --script-dir, --install-dir, --force-installation-into-system-dir, --always-unzip, --no-deps, --zip-ok, --exclude-scripts, --install-layout, --record, --optimize, --verbose, --allow-hosts, --egg-path, --prefix, --version, --editable, --no-user-cfg, --uninstall, --upgrade, --index-url, --build-directory, --help, --dry-run, --multi-version, --local-snapshots-ok, --no-find-links, --find-links, --quiet, --always-copy, --site-dirs, --user
[0.996s] DEBUG:colcon.colcon_core.event_handler.log_command:Invoking command in '/home/developer/simulation_ws/build/lead_missions': PYTHONPATH=/home/developer/simulation_ws/build/lead_missions/prefix_override:/usr/lib/python3/dist-packages/colcon_core/task/python/colcon_distutils_commands:/home/developer/simulation_ws/install/lead_missions/lib/python3.10/site-packages:${PYTHONPATH} /usr/bin/python3 -W ignore:setup.py install is deprecated -W ignore:easy_install command is deprecated setup.py develop --editable --build-directory /home/developer/simulation_ws/build/lead_missions/build --no-deps symlink_data
[1.355s] Level 1:colcon.colcon_core.shell:create_environment_hook('lead_missions', 'pythonpath_develop')
[1.355s] INFO:colcon.colcon_core.shell:Creating environment hook '/home/developer/simulation_ws/build/lead_missions/share/lead_missions/hook/pythonpath_develop.ps1'
[1.356s] DEBUG:colcon.colcon_core.event_handler.log_command:Invoked command in '/home/developer/simulation_ws/build/lead_missions' returned '0': PYTHONPATH=/home/developer/simulation_ws/build/lead_missions/prefix_override:/usr/lib/python3/dist-packages/colcon_core/task/python/colcon_distutils_commands:/home/developer/simulation_ws/install/lead_missions/lib/python3.10/site-packages:${PYTHONPATH} /usr/bin/python3 -W ignore:setup.py install is deprecated -W ignore:easy_install command is deprecated setup.py develop --editable --build-directory /home/developer/simulation_ws/build/lead_missions/build --no-deps symlink_data
[1.356s] INFO:colcon.colcon_core.shell:Creating environment descriptor '/home/developer/simulation_ws/build/lead_missions/share/lead_missions/hook/pythonpath_develop.dsv'
[1.356s] INFO:colcon.colcon_core.shell:Creating environment hook '/home/developer/simulation_ws/build/lead_missions/share/lead_missions/hook/pythonpath_develop.sh'
[1.357s] Level 1:colcon.colcon_core.environment:checking '/home/developer/simulation_ws/install/lead_missions' for CMake module files
[1.357s] Level 1:colcon.colcon_core.environment:checking '/home/developer/simulation_ws/install/lead_missions' for CMake config files
[1.358s] Level 1:colcon.colcon_core.environment:checking '/home/developer/simulation_ws/install/lead_missions/lib'
[1.358s] Level 1:colcon.colcon_core.environment:checking '/home/developer/simulation_ws/install/lead_missions/bin'
[1.358s] Level 1:colcon.colcon_core.environment:checking '/home/developer/simulation_ws/install/lead_missions/lib/pkgconfig/lead_missions.pc'
[1.358s] Level 1:colcon.colcon_core.environment:checking '/home/developer/simulation_ws/install/lead_missions/lib/python3.10/site-packages'
[1.358s] Level 1:colcon.colcon_core.shell:create_environment_hook('lead_missions', 'pythonpath')
[1.358s] INFO:colcon.colcon_core.shell:Creating environment hook '/home/developer/simulation_ws/install/lead_missions/share/lead_missions/hook/pythonpath.ps1'
[1.359s] INFO:colcon.colcon_core.shell:Creating environment descriptor '/home/developer/simulation_ws/install/lead_missions/share/lead_missions/hook/pythonpath.dsv'
[1.359s] INFO:colcon.colcon_core.shell:Creating environment hook '/home/developer/simulation_ws/install/lead_missions/share/lead_missions/hook/pythonpath.sh'
[1.360s] Level 1:colcon.colcon_core.environment:checking '/home/developer/simulation_ws/install/lead_missions/bin'
[1.360s] Level 1:colcon.colcon_core.environment:create_environment_scripts_only(lead_missions)
[1.360s] INFO:colcon.colcon_core.shell:Creating package script '/home/developer/simulation_ws/install/lead_missions/share/lead_missions/package.ps1'
[1.361s] INFO:colcon.colcon_core.shell:Creating package descriptor '/home/developer/simulation_ws/install/lead_missions/share/lead_missions/package.dsv'
[1.361s] INFO:colcon.colcon_core.shell:Creating package script '/home/developer/simulation_ws/install/lead_missions/share/lead_missions/package.sh'
[1.361s] INFO:colcon.colcon_core.shell:Creating package script '/home/developer/simulation_ws/install/lead_missions/share/lead_missions/package.bash'
[1.362s] INFO:colcon.colcon_core.shell:Creating package script '/home/developer/simulation_ws/install/lead_missions/share/lead_missions/package.zsh'
[1.362s] Level 1:colcon.colcon_core.environment:create_file_with_runtime_dependencies(/home/developer/simulation_ws/install/lead_missions/share/colcon-core/packages/lead_missions)
[1.362s] DEBUG:colcon.colcon_parallel_executor.executor.parallel:closing loop
[1.362s] DEBUG:colcon.colcon_parallel_executor.executor.parallel:loop closed
[1.362s] DEBUG:colcon.colcon_parallel_executor.executor.parallel:run_until_complete finished with '0'
[1.362s] DEBUG:colcon.colcon_core.event_reactor:joining thread
[1.374s] INFO:colcon.colcon_core.plugin_system:Skipping extension 'colcon_notification.desktop_notification.notify_send': Could not find 'notify-send'
[1.375s] INFO:colcon.colcon_core.plugin_system:Skipping extension 'colcon_notification.desktop_notification.terminal_notifier': Not used on non-Darwin systems
[1.375s] INFO:colcon.colcon_core.plugin_system:Skipping extension 'colcon_notification.desktop_notification.win32': Not used on non-Windows systems
[1.375s] INFO:colcon.colcon_notification.desktop_notification:Sending desktop notification using 'notify2'
[1.377s] DEBUG:colcon.colcon_notification.desktop_notification.notify2:Failed to initialize notify2: org.freedesktop.DBus.Error.Spawn.ExecFailed: /usr/bin/dbus-launch terminated abnormally without any error message
[1.377s] DEBUG:colcon.colcon_core.event_reactor:joined thread
[1.378s] INFO:colcon.colcon_core.shell:Creating prefix script '/home/developer/simulation_ws/install/local_setup.ps1'
[1.379s] INFO:colcon.colcon_core.shell:Creating prefix util module '/home/developer/simulation_ws/install/_local_setup_util_ps1.py'
[1.380s] INFO:colcon.colcon_core.shell:Creating prefix chain script '/home/developer/simulation_ws/install/setup.ps1'
[1.382s] INFO:colcon.colcon_core.shell:Creating prefix script '/home/developer/simulation_ws/install/local_setup.sh'
[1.382s] INFO:colcon.colcon_core.shell:Creating prefix util module '/home/developer/simulation_ws/install/_local_setup_util_sh.py'
[1.383s] INFO:colcon.colcon_core.shell:Creating prefix chain script '/home/developer/simulation_ws/install/setup.sh'
[1.384s] INFO:colcon.colcon_core.shell:Creating prefix script '/home/developer/simulation_ws/install/local_setup.bash'
[1.384s] INFO:colcon.colcon_core.shell:Creating prefix chain script '/home/developer/simulation_ws/install/setup.bash'
[1.385s] INFO:colcon.colcon_core.shell:Creating prefix script '/home/developer/simulation_ws/install/local_setup.zsh'
[1.386s] INFO:colcon.colcon_core.shell:Creating prefix chain script '/home/developer/simulation_ws/install/setup.zsh'
